Archive member included because of file (symbol)

/home/rber/projects/various/FreeRTOS-Arduino/sloeber-workspace/Example0052/Release/arduino.ar(variant.cpp.o)
                              ./FreeRTOS_ARM/src/assertMsg.cpp.o (Serial)
/home/rber/projects/various/FreeRTOS-Arduino/sloeber-workspace/Example0052/Release/arduino.ar(Print.cpp.o)
                              ./FreeRTOS_ARM/src/assertMsg.cpp.o (Print::print(char const*))
/home/rber/projects/various/FreeRTOS-Arduino/sloeber-workspace/Example0052/Release/arduino.ar(RingBuffer.cpp.o)
                              /home/rber/projects/various/FreeRTOS-Arduino/sloeber-workspace/Example0052/Release/arduino.ar(variant.cpp.o) (RingBuffer::RingBuffer())
/home/rber/projects/various/FreeRTOS-Arduino/sloeber-workspace/Example0052/Release/arduino.ar(UARTClass.cpp.o)
                              ./FreeRTOS_ARM/src/basic_io_arm.cpp.o (UARTClass::available())
/home/rber/projects/various/FreeRTOS-Arduino/sloeber-workspace/Example0052/Release/arduino.ar(USARTClass.cpp.o)
                              /home/rber/projects/various/FreeRTOS-Arduino/sloeber-workspace/Example0052/Release/arduino.ar(variant.cpp.o) (USARTClass::USARTClass(Usart*, IRQn, unsigned long, RingBuffer*, RingBuffer*))
/home/rber/projects/various/FreeRTOS-Arduino/sloeber-workspace/Example0052/Release/arduino.ar(abi.cpp.o)
                              /home/rber/projects/various/FreeRTOS-Arduino/sloeber-workspace/Example0052/Release/arduino.ar(Print.cpp.o) (__cxa_pure_virtual)
/home/rber/projects/various/FreeRTOS-Arduino/sloeber-workspace/Example0052/Release/arduino.ar(main.cpp.o)
                              /opt/sloeber-V4.1/sloeber/arduinoPlugin/packages/arduino/tools/arm-none-eabi-gcc/4.8.3-2014q1/bin/../lib/gcc/arm-none-eabi/4.8.3/../../../../arm-none-eabi/lib/armv7-m/crt0.o (main)
/home/rber/projects/various/FreeRTOS-Arduino/sloeber-workspace/Example0052/Release/arduino.ar(syscalls_sam3.c.o)
                              (_sbrk)
/home/rber/projects/various/FreeRTOS-Arduino/sloeber-workspace/Example0052/Release/arduino.ar(watchdog.cpp.o)
                              /home/rber/projects/various/FreeRTOS-Arduino/sloeber-workspace/Example0052/Release/arduino.ar(main.cpp.o) (watchdogSetup())
/home/rber/projects/various/FreeRTOS-Arduino/sloeber-workspace/Example0052/Release/arduino.ar(wiring.c.o)
                              /home/rber/projects/various/FreeRTOS-Arduino/sloeber-workspace/Example0052/Release/arduino.ar(main.cpp.o) (delay)
/home/rber/projects/various/FreeRTOS-Arduino/sloeber-workspace/Example0052/Release/arduino.ar(wiring_analog.c.o)
                              /home/rber/projects/various/FreeRTOS-Arduino/sloeber-workspace/Example0052/Release/arduino.ar(variant.cpp.o) (analogOutputInit)
/home/rber/projects/various/FreeRTOS-Arduino/sloeber-workspace/Example0052/Release/arduino.ar(wiring_digital.c.o)
                              ./FreeRTOS_ARM/src/FreeRTOS_ARM.c.o (pinMode)
/home/rber/projects/various/FreeRTOS-Arduino/sloeber-workspace/Example0052/Release/arduino.ar(USBCore.cpp.o)
                              /home/rber/projects/various/FreeRTOS-Arduino/sloeber-workspace/Example0052/Release/arduino.ar(main.cpp.o) (USBDevice_::attach())
/home/rber/projects/various/FreeRTOS-Arduino/sloeber-workspace/Example0052/Release/arduino.ar(hooks.c.o)
                              /home/rber/projects/various/FreeRTOS-Arduino/sloeber-workspace/Example0052/Release/arduino.ar(wiring.c.o) (yield)
/home/rber/projects/various/FreeRTOS-Arduino/sloeber-workspace/Example0052/Release/arduino.ar(CDC.cpp.o)
                              /home/rber/projects/various/FreeRTOS-Arduino/sloeber-workspace/Example0052/Release/arduino.ar(USBCore.cpp.o) (Serial_::accept())
/home/rber/projects/various/FreeRTOS-Arduino/sloeber-workspace/Example0052/Release/arduino.ar(PluggableUSB.cpp.o)
                              /home/rber/projects/various/FreeRTOS-Arduino/sloeber-workspace/Example0052/Release/arduino.ar(USBCore.cpp.o) (PluggableUSB_::getInterface(unsigned char*))
/home/rber/projects/various/FreeRTOS-Arduino/sloeber-workspace/Example0052/Release/arduino.ar(Reset.cpp.o)
                              /home/rber/projects/various/FreeRTOS-Arduino/sloeber-workspace/Example0052/Release/arduino.ar(CDC.cpp.o) (initiateReset)
/opt/sloeber-V4.1/sloeber//arduinoPlugin/packages/arduino/hardware/sam/1.6.11/variants/arduino_due_x/libsam_sam3x8e_gcc_rel.a(pio.o)
                              /home/rber/projects/various/FreeRTOS-Arduino/sloeber-workspace/Example0052/Release/arduino.ar(wiring_digital.c.o) (PIO_PullUp)
/opt/sloeber-V4.1/sloeber//arduinoPlugin/packages/arduino/hardware/sam/1.6.11/variants/arduino_due_x/libsam_sam3x8e_gcc_rel.a(pmc.o)
                              /home/rber/projects/various/FreeRTOS-Arduino/sloeber-workspace/Example0052/Release/arduino.ar(variant.cpp.o) (pmc_enable_periph_clk)
[...]
Memory Configuration

Name             Origin             Length             Attributes
rom              0x0000000000080000 0x0000000000080000 xr
sram0            0x0000000020000000 0x0000000000010000 xrw
sram1            0x0000000020080000 0x0000000000008000 xrw
ram              0x0000000020070000 0x0000000000018000 xrw
*default*        0x0000000000000000 0xffffffffffffffff

Linker script and memory map

LOAD /opt/sloeber-V4.1/sloeber/arduinoPlugin/packages/arduino/tools/arm-none-eabi-gcc/4.8.3-2014q1/bin/../lib/gcc/arm-none-eabi/4.8.3/armv7-m/crti.o
LOAD /opt/sloeber-V4.1/sloeber/arduinoPlugin/packages/arduino/tools/arm-none-eabi-gcc/4.8.3-2014q1/bin/../lib/gcc/arm-none-eabi/4.8.3/armv7-m/crtbegin.o
LOAD /opt/sloeber-V4.1/sloeber/arduinoPlugin/packages/arduino/tools/arm-none-eabi-gcc/4.8.3-2014q1/bin/../lib/gcc/arm-none-eabi/4.8.3/../../../../arm-none-eabi/lib/armv7-m/crt0.o
START GROUP
LOAD ./FreeRTOS_ARM/src/utility/croutine.c.o
LOAD ./FreeRTOS_ARM/src/utility/event_groups.c.o
LOAD ./FreeRTOS_ARM/src/utility/heap_3.c.o
LOAD ./FreeRTOS_ARM/src/utility/list.c.o
LOAD ./FreeRTOS_ARM/src/utility/port.c.o
LOAD ./FreeRTOS_ARM/src/utility/queue.c.o
LOAD ./FreeRTOS_ARM/src/utility/tasks.c.o
LOAD ./FreeRTOS_ARM/src/utility/timers.c.o
LOAD ./FreeRTOS_ARM/src/FreeRTOS_ARM.c.o
LOAD ./FreeRTOS_ARM/src/assertMsg.cpp.o
LOAD ./FreeRTOS_ARM/src/basic_io_arm.cpp.o
LOAD /home/rber/projects/various/FreeRTOS-Arduino/sloeber-workspace/Example0052/Release/arduino.ar
LOAD /opt/sloeber-V4.1/sloeber//arduinoPlugin/packages/arduino/hardware/sam/1.6.11/variants/arduino_due_x/libsam_sam3x8e_gcc_rel.a
LOAD /home/rber/projects/various/FreeRTOS-Arduino/sloeber-workspace/Example0052/Release/arduino.ar
END GROUP
LOAD /opt/sloeber-V4.1/sloeber/arduinoPlugin/packages/arduino/tools/arm-none-eabi-gcc/4.8.3-2014q1/bin/../lib/gcc/arm-none-eabi/4.8.3/../../../../arm-none-eabi/lib/armv7-m/libm.a
START GROUP
LOAD /opt/sloeber-V4.1/sloeber/arduinoPlugin/packages/arduino/tools/arm-none-eabi-gcc/4.8.3-2014q1/bin/../lib/gcc/arm-none-eabi/4.8.3/armv7-m/libgcc.a
LOAD /opt/sloeber-V4.1/sloeber/arduinoPlugin/packages/arduino/tools/arm-none-eabi-gcc/4.8.3-2014q1/bin/../lib/gcc/arm-none-eabi/4.8.3/../../../../arm-none-eabi/lib/armv7-m/libg.a
LOAD /opt/sloeber-V4.1/sloeber/arduinoPlugin/packages/arduino/tools/arm-none-eabi-gcc/4.8.3-2014q1/bin/../lib/gcc/arm-none-eabi/4.8.3/../../../../arm-none-eabi/lib/armv7-m/libc.a
END GROUP
LOAD /opt/sloeber-V4.1/sloeber/arduinoPlugin/packages/arduino/tools/arm-none-eabi-gcc/4.8.3-2014q1/bin/../lib/gcc/arm-none-eabi/4.8.3/armv7-m/crtend.o
LOAD /opt/sloeber-V4.1/sloeber/arduinoPlugin/packages/arduino/tools/arm-none-eabi-gcc/4.8.3-2014q1/bin/../lib/gcc/arm-none-eabi/4.8.3/armv7-m/crtn.o

.text           0x0000000000080000     0x597c
                0x0000000000080000                . = ALIGN (0x4)
                0x0000000000080000                _sfixed = .
 *(.vectors .vectors.*)
 .vectors       0x0000000000080000       0xf4 /opt/sloeber-V4.1/sloeber//arduinoPlugin/packages/arduino/hardware/sam/1.6.11/variants/arduino_due_x/libsam_sam3x8e_gcc_rel.a(startup_sam3xa.o)
                0x0000000000080000                exception_table
 *(.text .text.* .gnu.linkonce.t.*)
 .text          0x00000000000800f4       0x54 /opt/sloeber-V4.1/sloeber/arduinoPlugin/packages/arduino/tools/arm-none-eabi-gcc/4.8.3-2014q1/bin/../lib/gcc/arm-none-eabi/4.8.3/armv7-m/crtbegin.o
 .text.vListInsertEnd
                0x0000000000080148       0x18 ./FreeRTOS_ARM/src/utility/list.c.o
                0x0000000000080148                vListInsertEnd
 .text.uxListRemove
                0x0000000000080160       0x20 ./FreeRTOS_ARM/src/utility/list.c.o
                0x0000000000080160                uxListRemove
 .text.svcHook  0x0000000000080180       0x28 ./FreeRTOS_ARM/src/utility/port.c.o
                0x0000000000080180                svcHook
 .text.ulPortSetInterruptMask
                0x00000000000801a8       0x10 ./FreeRTOS_ARM/src/utility/port.c.o
                0x00000000000801a8                ulPortSetInterruptMask
 .text.vPortClearInterruptMask
                0x00000000000801b8        0x6 ./FreeRTOS_ARM/src/utility/port.c.o
                0x00000000000801b8                vPortClearInterruptMask
 *fill*         0x00000000000801be        0x2 
 .text.pendSVHook
                0x00000000000801c0       0x48 ./FreeRTOS_ARM/src/utility/port.c.o
                0x00000000000801c0                pendSVHook
 .text.xPortSysTickHandler
                0x0000000000080208       0x24 ./FreeRTOS_ARM/src/utility/port.c.o
                0x0000000000080208                xPortSysTickHandler
 .text.sysTickHook
                0x000000000008022c       0x14 ./FreeRTOS_ARM/src/utility/port.c.o
                0x000000000008022c                sysTickHook
 .text.prvResetNextTaskUnblockTime
                0x0000000000080240       0x24 ./FreeRTOS_ARM/src/utility/tasks.c.o
 .text.xTaskIncrementTick
                0x0000000000080264      0x114 ./FreeRTOS_ARM/src/utility/tasks.c.o
                0x0000000000080264                xTaskIncrementTick
 .text.vTaskSwitchContext
                0x0000000000080378       0x98 ./FreeRTOS_ARM/src/utility/tasks.c.o
                0x0000000000080378                vTaskSwitchContext
 .text.errorBlink
                0x0000000000080410       0x48 ./FreeRTOS_ARM/src/FreeRTOS_ARM.c.o
 .text.assertBlink
                0x0000000000080458        0x8 ./FreeRTOS_ARM/src/FreeRTOS_ARM.c.o
                0x0000000000080458                assertBlink
 .text.vApplicationStackOverflowHook
                0x0000000000080460        0x8 ./FreeRTOS_ARM/src/FreeRTOS_ARM.c.o
                0x0000000000080460                vApplicationStackOverflowHook
 .text.HardFault_Handler
                0x0000000000080468        0x8 ./FreeRTOS_ARM/src/FreeRTOS_ARM.c.o
                0x0000000000080468                HardFault_Handler
 .text.BusFault_Handler
                0x0000000000080470        0x8 ./FreeRTOS_ARM/src/FreeRTOS_ARM.c.o
                0x0000000000080470                BusFault_Handler
 .text.UsageFault_Handler
                0x0000000000080478        0x8 ./FreeRTOS_ARM/src/FreeRTOS_ARM.c.o
                0x0000000000080478                UsageFault_Handler
 .text.vApplicationTickHook
                0x0000000000080480        0x2 ./FreeRTOS_ARM/src/FreeRTOS_ARM.c.o
                0x0000000000080480                vApplicationTickHook
 .text._Z11serialEventv
                0x0000000000080482        0x2 /home/rber/projects/various/FreeRTOS-Arduino/sloeber-workspace/Example0052/Release/arduino.ar(variant.cpp.o)
                0x0000000000080482                serialEvent()
 .text.UART_Handler
                0x0000000000080484        0xc /home/rber/projects/various/FreeRTOS-Arduino/sloeber-workspace/Example0052/Release/arduino.ar(variant.cpp.o)
                0x0000000000080484                UART_Handler
 .text._Z12serialEvent1v
                0x0000000000080490        0x2 /home/rber/projects/various/FreeRTOS-Arduino/sloeber-workspace/Example0052/Release/arduino.ar(variant.cpp.o)
                0x0000000000080490                serialEvent1()
 .text._Z12serialEvent2v
                0x0000000000080492        0x2 /home/rber/projects/various/FreeRTOS-Arduino/sloeber-workspace/Example0052/Release/arduino.ar(variant.cpp.o)
                0x0000000000080492                serialEvent2()
 .text._Z12serialEvent3v
                0x0000000000080494        0x2 /home/rber/projects/various/FreeRTOS-Arduino/sloeber-workspace/Example0052/Release/arduino.ar(variant.cpp.o)
                0x0000000000080494                serialEvent3()
 *fill*         0x0000000000080496        0x2 
 .text.USART0_Handler
                0x0000000000080498        0xc /home/rber/projects/various/FreeRTOS-Arduino/sloeber-workspace/Example0052/Release/arduino.ar(variant.cpp.o)
                0x0000000000080498                USART0_Handler
 .text.USART1_Handler
                0x00000000000804a4        0xc /home/rber/projects/various/FreeRTOS-Arduino/sloeber-workspace/Example0052/Release/arduino.ar(variant.cpp.o)
                0x00000000000804a4                USART1_Handler
 .text.USART3_Handler
                0x00000000000804b0        0xc /home/rber/projects/various/FreeRTOS-Arduino/sloeber-workspace/Example0052/Release/arduino.ar(variant.cpp.o)
                0x00000000000804b0                USART3_Handler
 .text.init     0x00000000000804bc      0x128 /home/rber/projects/various/FreeRTOS-Arduino/sloeber-workspace/Example0052/Release/arduino.ar(variant.cpp.o)
                0x00000000000804bc                init
 .text.startup._GLOBAL__sub_I_g_APinDescription
                0x00000000000805e4       0xd4 /home/rber/projects/various/FreeRTOS-Arduino/sloeber-workspace/Example0052/Release/arduino.ar(variant.cpp.o)
 .text._Z14serialEventRunv
                0x00000000000806b8       0x44 /home/rber/projects/various/FreeRTOS-Arduino/sloeber-workspace/Example0052/Release/arduino.ar(variant.cpp.o)
                0x00000000000806b8                serialEventRun()
 .text._ZN5Print5writeEPKhj
                0x00000000000806fc       0x22 /home/rber/projects/various/FreeRTOS-Arduino/sloeber-workspace/Example0052/Release/arduino.ar(Print.cpp.o)
                0x00000000000806fc                Print::write(unsigned char const*, unsigned int)
 .text._ZN10RingBufferC2Ev
                0x000000000008071e       0x1a /home/rber/projects/various/FreeRTOS-Arduino/sloeber-workspace/Example0052/Release/arduino.ar(RingBuffer.cpp.o)
                0x000000000008071e                RingBuffer::RingBuffer()
                0x000000000008071e                RingBuffer::RingBuffer()
 .text._ZN10RingBuffer10store_charEh
                0x0000000000080738       0x1e /home/rber/projects/various/FreeRTOS-Arduino/sloeber-workspace/Example0052/Release/arduino.ar(RingBuffer.cpp.o)
                0x0000000000080738                RingBuffer::store_char(unsigned char)
 .text._ZN9UARTClasscvbEv
                0x0000000000080756        0x4 /home/rber/projects/various/FreeRTOS-Arduino/sloeber-workspace/Example0052/Release/arduino.ar(UARTClass.cpp.o)
                0x0000000000080756                UARTClass::operator bool()
 .text._ZN9UARTClass9availableEv
                0x000000000008075a       0x12 /home/rber/projects/various/FreeRTOS-Arduino/sloeber-workspace/Example0052/Release/arduino.ar(UARTClass.cpp.o)
                0x000000000008075a                UARTClass::available()
 .text._ZN9UARTClass4peekEv
                0x000000000008076c       0x1c /home/rber/projects/various/FreeRTOS-Arduino/sloeber-workspace/Example0052/Release/arduino.ar(UARTClass.cpp.o)
                0x000000000008076c                UARTClass::peek()
 .text._ZN9UARTClass4readEv
                0x0000000000080788       0x2a /home/rber/projects/various/FreeRTOS-Arduino/sloeber-workspace/Example0052/Release/arduino.ar(UARTClass.cpp.o)
                0x0000000000080788                UARTClass::read()
 .text._ZN9UARTClass5flushEv
                0x00000000000807b2       0x18 /home/rber/projects/various/FreeRTOS-Arduino/sloeber-workspace/Example0052/Release/arduino.ar(UARTClass.cpp.o)
                0x00000000000807b2                UARTClass::flush()
 *fill*         0x00000000000807ca        0x2 
 .text._ZN9UARTClass5writeEh
                0x00000000000807cc       0x54 /home/rber/projects/various/FreeRTOS-Arduino/sloeber-workspace/Example0052/Release/arduino.ar(UARTClass.cpp.o)
                0x00000000000807cc                UARTClass::write(unsigned char)
 .text._ZN9UARTClass3endEv
                0x0000000000080820       0x3c /home/rber/projects/various/FreeRTOS-Arduino/sloeber-workspace/Example0052/Release/arduino.ar(UARTClass.cpp.o)
                0x0000000000080820                UARTClass::end()
 .text._ZN9UARTClassC2EP4Uart4IRQnmP10RingBufferS4_
                0x000000000008085c       0x24 /home/rber/projects/various/FreeRTOS-Arduino/sloeber-workspace/Example0052/Release/arduino.ar(UARTClass.cpp.o)
                0x000000000008085c                UARTClass::UARTClass(Uart*, IRQn, unsigned long, RingBuffer*, RingBuffer*)
                0x000000000008085c                UARTClass::UARTClass(Uart*, IRQn, unsigned long, RingBuffer*, RingBuffer*)
 .text._ZN9UARTClass4initEmm
                0x0000000000080880       0x70 /home/rber/projects/various/FreeRTOS-Arduino/sloeber-workspace/Example0052/Release/arduino.ar(UARTClass.cpp.o)
                0x0000000000080880                UARTClass::init(unsigned long, unsigned long)
 .text._ZN9UARTClass5beginEm
                0x00000000000808f0        0x8 /home/rber/projects/various/FreeRTOS-Arduino/sloeber-workspace/Example0052/Release/arduino.ar(UARTClass.cpp.o)
                0x00000000000808f0                UARTClass::begin(unsigned long)
 .text._ZN9UARTClass10IrqHandlerEv
                0x00000000000808f8       0x5a /home/rber/projects/various/FreeRTOS-Arduino/sloeber-workspace/Example0052/Release/arduino.ar(UARTClass.cpp.o)
                0x00000000000808f8                UARTClass::IrqHandler()
 .text._ZN10USARTClass5beginEm
                0x0000000000080952        0x8 /home/rber/projects/various/FreeRTOS-Arduino/sloeber-workspace/Example0052/Release/arduino.ar(USARTClass.cpp.o)
                0x0000000000080952                USARTClass::begin(unsigned long)
 *fill*         0x000000000008095a        0x2 
 .text._ZN10USARTClassC2EP5Usart4IRQnmP10RingBufferS4_
                0x000000000008095c       0x24 /home/rber/projects/various/FreeRTOS-Arduino/sloeber-workspace/Example0052/Release/arduino.ar(USARTClass.cpp.o)
                0x000000000008095c                USARTClass::USARTClass(Usart*, IRQn, unsigned long, RingBuffer*, RingBuffer*)
                0x000000000008095c                USARTClass::USARTClass(Usart*, IRQn, unsigned long, RingBuffer*, RingBuffer*)
 .text.initVariant
                0x0000000000080980        0x2 /home/rber/projects/various/FreeRTOS-Arduino/sloeber-workspace/Example0052/Release/arduino.ar(main.cpp.o)
                0x0000000000080980                initVariant
 *fill*         0x0000000000080982        0x2 
 .text.startup.main
                0x0000000000080984       0x34 /home/rber/projects/various/FreeRTOS-Arduino/sloeber-workspace/Example0052/Release/arduino.ar(main.cpp.o)
                0x0000000000080984                main
 .text._sbrk    0x00000000000809b8       0x1c /home/rber/projects/various/FreeRTOS-Arduino/sloeber-workspace/Example0052/Release/arduino.ar(syscalls_sam3.c.o)
                0x00000000000809b8                _sbrk
 .text.link     0x00000000000809d4        0x6 /home/rber/projects/various/FreeRTOS-Arduino/sloeber-workspace/Example0052/Release/arduino.ar(syscalls_sam3.c.o)
                0x00000000000809d4                link
 .text._close   0x00000000000809da        0x6 /home/rber/projects/various/FreeRTOS-Arduino/sloeber-workspace/Example0052/Release/arduino.ar(syscalls_sam3.c.o)
                0x00000000000809da                _close
 .text._fstat   0x00000000000809e0        0xa /home/rber/projects/various/FreeRTOS-Arduino/sloeber-workspace/Example0052/Release/arduino.ar(syscalls_sam3.c.o)
                0x00000000000809e0                _fstat
 .text._isatty  0x00000000000809ea        0x4 /home/rber/projects/various/FreeRTOS-Arduino/sloeber-workspace/Example0052/Release/arduino.ar(syscalls_sam3.c.o)
                0x00000000000809ea                _isatty
 .text._lseek   0x00000000000809ee        0x4 /home/rber/projects/various/FreeRTOS-Arduino/sloeber-workspace/Example0052/Release/arduino.ar(syscalls_sam3.c.o)
                0x00000000000809ee                _lseek
 .text._read    0x00000000000809f2        0x4 /home/rber/projects/various/FreeRTOS-Arduino/sloeber-workspace/Example0052/Release/arduino.ar(syscalls_sam3.c.o)
                0x00000000000809f2                _read
 *fill*         0x00000000000809f6        0x2 
 .text._write   0x00000000000809f8       0x24 /home/rber/projects/various/FreeRTOS-Arduino/sloeber-workspace/Example0052/Release/arduino.ar(syscalls_sam3.c.o)
                0x00000000000809f8                _write
 .text._exit    0x0000000000080a1c       0x10 /home/rber/projects/various/FreeRTOS-Arduino/sloeber-workspace/Example0052/Release/arduino.ar(syscalls_sam3.c.o)
                0x0000000000080a1c                _exit
 .text._kill    0x0000000000080a2c        0x2 /home/rber/projects/various/FreeRTOS-Arduino/sloeber-workspace/Example0052/Release/arduino.ar(syscalls_sam3.c.o)
                0x0000000000080a2c                _kill
 .text._getpid  0x0000000000080a2e        0x6 /home/rber/projects/various/FreeRTOS-Arduino/sloeber-workspace/Example0052/Release/arduino.ar(syscalls_sam3.c.o)
                0x0000000000080a2e                _getpid
 .text._watchdogDefaultSetup
                0x0000000000080a34        0xc /home/rber/projects/various/FreeRTOS-Arduino/sloeber-workspace/Example0052/Release/arduino.ar(watchdog.cpp.o)
                0x0000000000080a34                watchdogSetup()
                0x0000000000080a34                _watchdogDefaultSetup
 .text.delay    0x0000000000080a40       0x1c /home/rber/projects/various/FreeRTOS-Arduino/sloeber-workspace/Example0052/Release/arduino.ar(wiring.c.o)
                0x0000000000080a40                delay
 .text.analogOutputInit
                0x0000000000080a5c        0x2 /home/rber/projects/various/FreeRTOS-Arduino/sloeber-workspace/Example0052/Release/arduino.ar(wiring_analog.c.o)
                0x0000000000080a5c                analogOutputInit
 *fill*         0x0000000000080a5e        0x2 
 .text.pinMode  0x0000000000080a60      0x108 /home/rber/projects/various/FreeRTOS-Arduino/sloeber-workspace/Example0052/Release/arduino.ar(wiring_digital.c.o)
                0x0000000000080a60                pinMode
 .text.digitalWrite
                0x0000000000080b68       0x70 /home/rber/projects/various/FreeRTOS-Arduino/sloeber-workspace/Example0052/Release/arduino.ar(wiring_digital.c.o)
                0x0000000000080b68                digitalWrite
 .text.unlikely._ZL11USB_SendZlpv
                0x0000000000080bd8       0x20 /home/rber/projects/various/FreeRTOS-Arduino/sloeber-workspace/Example0052/Release/arduino.ar(USBCore.cpp.o)
 .text._Z14USBD_Availablem
                0x0000000000080bf8       0x2c /home/rber/projects/various/FreeRTOS-Arduino/sloeber-workspace/Example0052/Release/arduino.ar(USBCore.cpp.o)
                0x0000000000080bf8                USBD_Available(unsigned long)
 .text._Z9USBD_RecvmPvm
                0x0000000000080c24       0x7c /home/rber/projects/various/FreeRTOS-Arduino/sloeber-workspace/Example0052/Release/arduino.ar(USBCore.cpp.o)
                0x0000000000080c24                USBD_Recv(unsigned long, void*, unsigned long)
 .text._Z9USBD_Recvm
                0x0000000000080ca0       0x22 /home/rber/projects/various/FreeRTOS-Arduino/sloeber-workspace/Example0052/Release/arduino.ar(USBCore.cpp.o)
                0x0000000000080ca0                USBD_Recv(unsigned long)
 *fill*         0x0000000000080cc2        0x2 
 .text._Z9USBD_SendmPKvm
                0x0000000000080cc4       0x4c /home/rber/projects/various/FreeRTOS-Arduino/sloeber-workspace/Example0052/Release/arduino.ar(USBCore.cpp.o)
                0x0000000000080cc4                USBD_Send(unsigned long, void const*, unsigned long)
 .text._Z16USBD_SendControlhPKvm
                0x0000000000080d10       0x40 /home/rber/projects/various/FreeRTOS-Arduino/sloeber-workspace/Example0052/Release/arduino.ar(USBCore.cpp.o)
                0x0000000000080d10                USBD_SendControl(unsigned char, void const*, unsigned long)
 .text.unlikely._ZL24USB_SendStringDescriptorPKhi
                0x0000000000080d50       0x64 /home/rber/projects/various/FreeRTOS-Arduino/sloeber-workspace/Example0052/Release/arduino.ar(USBCore.cpp.o)
 .text._Z16USBD_RecvControlPvm
                0x0000000000080db4       0x1c /home/rber/projects/various/FreeRTOS-Arduino/sloeber-workspace/Example0052/Release/arduino.ar(USBCore.cpp.o)
                0x0000000000080db4                USBD_RecvControl(void*, unsigned long)
 .text._Z26USBD_ClassInterfaceRequestR8USBSetup
                0x0000000000080dd0       0x1e /home/rber/projects/various/FreeRTOS-Arduino/sloeber-workspace/Example0052/Release/arduino.ar(USBCore.cpp.o)
                0x0000000000080dd0                USBD_ClassInterfaceRequest(USBSetup&)
 .text._Z19USBD_SendInterfacesv
                0x0000000000080dee       0x22 /home/rber/projects/various/FreeRTOS-Arduino/sloeber-workspace/Example0052/Release/arduino.ar(USBCore.cpp.o)
                0x0000000000080dee                USBD_SendInterfaces()
 .text._Z24USBD_SendOtherInterfacesv
                0x0000000000080e10       0x22 /home/rber/projects/various/FreeRTOS-Arduino/sloeber-workspace/Example0052/Release/arduino.ar(USBCore.cpp.o)
                0x0000000000080e10                USBD_SendOtherInterfaces()
 .text._Z10USBD_Flushm
                0x0000000000080e32       0x16 /home/rber/projects/various/FreeRTOS-Arduino/sloeber-workspace/Example0052/Release/arduino.ar(USBCore.cpp.o)
                0x0000000000080e32                USBD_Flush(unsigned long)
 .text._ZN10USBDevice_C2Ev
                0x0000000000080e48       0x24 /home/rber/projects/various/FreeRTOS-Arduino/sloeber-workspace/Example0052/Release/arduino.ar(USBCore.cpp.o)
                0x0000000000080e48                USBDevice_::USBDevice_()
                0x0000000000080e48                USBDevice_::USBDevice_()
 .text._ZN10USBDevice_6attachEv
                0x0000000000080e6c       0x20 /home/rber/projects/various/FreeRTOS-Arduino/sloeber-workspace/Example0052/Release/arduino.ar(USBCore.cpp.o)
                0x0000000000080e6c                USBDevice_::attach()
 .text.startup._GLOBAL__sub_I_EndPoints
                0x0000000000080e8c        0xc /home/rber/projects/various/FreeRTOS-Arduino/sloeber-workspace/Example0052/Release/arduino.ar(USBCore.cpp.o)
 .text._ZL7USB_ISRv
                0x0000000000080e98      0x454 /home/rber/projects/various/FreeRTOS-Arduino/sloeber-workspace/Example0052/Release/arduino.ar(USBCore.cpp.o)
 .text.__empty  0x00000000000812ec        0x2 /home/rber/projects/various/FreeRTOS-Arduino/sloeber-workspace/Example0052/Release/arduino.ar(hooks.c.o)
                0x00000000000812ec                yield
 *fill*         0x00000000000812ee        0x2 
 .text._ZN7Serial_9availableEv
                0x00000000000812f0       0x18 /home/rber/projects/various/FreeRTOS-Arduino/sloeber-workspace/Example0052/Release/arduino.ar(CDC.cpp.o)
                0x00000000000812f0                Serial_::available()
 .text._ZN7Serial_17availableForWriteEv
                0x0000000000081308        0x6 /home/rber/projects/various/FreeRTOS-Arduino/sloeber-workspace/Example0052/Release/arduino.ar(CDC.cpp.o)
                0x0000000000081308                Serial_::availableForWrite()
 *fill*         0x000000000008130e        0x2 
 .text._ZN7Serial_4peekEv
                0x0000000000081310       0x20 /home/rber/projects/various/FreeRTOS-Arduino/sloeber-workspace/Example0052/Release/arduino.ar(CDC.cpp.o)
                0x0000000000081310                Serial_::peek()
 .text._ZN7Serial_5writeEh
                0x0000000000081330       0x16 /home/rber/projects/various/FreeRTOS-Arduino/sloeber-workspace/Example0052/Release/arduino.ar(CDC.cpp.o)
                0x0000000000081330                Serial_::write(unsigned char)
 *fill*         0x0000000000081346        0x2 
 .text._ZN7Serial_4readEv
                0x0000000000081348       0x44 /home/rber/projects/various/FreeRTOS-Arduino/sloeber-workspace/Example0052/Release/arduino.ar(CDC.cpp.o)
                0x0000000000081348                Serial_::read()
 .text._ZN7Serial_5flushEv
                0x000000000008138c        0x6 /home/rber/projects/various/FreeRTOS-Arduino/sloeber-workspace/Example0052/Release/arduino.ar(CDC.cpp.o)
                0x000000000008138c                Serial_::flush()
 *fill*         0x0000000000081392        0x2 
 .text._ZN7Serial_6acceptEv
                0x0000000000081394       0x70 /home/rber/projects/various/FreeRTOS-Arduino/sloeber-workspace/Example0052/Release/arduino.ar(CDC.cpp.o)
                0x0000000000081394                Serial_::accept()
 .text._ZN7Serial_5writeEPKhj
                0x0000000000081404       0x2c /home/rber/projects/various/FreeRTOS-Arduino/sloeber-workspace/Example0052/Release/arduino.ar(CDC.cpp.o)
                0x0000000000081404                Serial_::write(unsigned char const*, unsigned int)
 .text._Z16CDC_GetInterfacePh
                0x0000000000081430       0x14 /home/rber/projects/various/FreeRTOS-Arduino/sloeber-workspace/Example0052/Release/arduino.ar(CDC.cpp.o)
                0x0000000000081430                CDC_GetInterface(unsigned char*)
 .text._Z21CDC_GetOtherInterfacePh
                0x0000000000081444       0x14 /home/rber/projects/various/FreeRTOS-Arduino/sloeber-workspace/Example0052/Release/arduino.ar(CDC.cpp.o)
                0x0000000000081444                CDC_GetOtherInterface(unsigned char*)
 .text._Z9CDC_SetupR8USBSetup
                0x0000000000081458       0x78 /home/rber/projects/various/FreeRTOS-Arduino/sloeber-workspace/Example0052/Release/arduino.ar(CDC.cpp.o)
                0x0000000000081458                CDC_Setup(USBSetup&)
 .text.startup._GLOBAL__sub_I_cdc_rx_buffer
                0x00000000000814d0       0x1c /home/rber/projects/various/FreeRTOS-Arduino/sloeber-workspace/Example0052/Release/arduino.ar(CDC.cpp.o)
 .text._ZN13PluggableUSB_12getInterfaceEPh
                0x00000000000814ec       0x28 /home/rber/projects/various/FreeRTOS-Arduino/sloeber-workspace/Example0052/Release/arduino.ar(PluggableUSB.cpp.o)
                0x00000000000814ec                PluggableUSB_::getInterface(unsigned char*)
 .text._ZN13PluggableUSB_13getDescriptorER8USBSetup
                0x0000000000081514       0x1c /home/rber/projects/various/FreeRTOS-Arduino/sloeber-workspace/Example0052/Release/arduino.ar(PluggableUSB.cpp.o)
                0x0000000000081514                PluggableUSB_::getDescriptor(USBSetup&)
 .text._ZN13PluggableUSB_12getShortNameEPc
                0x0000000000081530       0x1c /home/rber/projects/various/FreeRTOS-Arduino/sloeber-workspace/Example0052/Release/arduino.ar(PluggableUSB.cpp.o)
                0x0000000000081530                PluggableUSB_::getShortName(char*)
 .text._ZN13PluggableUSB_5setupER8USBSetup
                0x000000000008154c       0x20 /home/rber/projects/various/FreeRTOS-Arduino/sloeber-workspace/Example0052/Release/arduino.ar(PluggableUSB.cpp.o)
                0x000000000008154c                PluggableUSB_::setup(USBSetup&)
 .text._Z12PluggableUSBv
                0x000000000008156c       0x28 /home/rber/projects/various/FreeRTOS-Arduino/sloeber-workspace/Example0052/Release/arduino.ar(PluggableUSB.cpp.o)
                0x000000000008156c                PluggableUSB()
 .text.initiateReset
                0x0000000000081594        0xc /home/rber/projects/various/FreeRTOS-Arduino/sloeber-workspace/Example0052/Release/arduino.ar(Reset.cpp.o)
                0x0000000000081594                initiateReset
 .text.cancelReset
                0x00000000000815a0       0x10 /home/rber/projects/various/FreeRTOS-Arduino/sloeber-workspace/Example0052/Release/arduino.ar(Reset.cpp.o)
                0x00000000000815a0                cancelReset
 .text.tickReset
                0x00000000000815b0       0x20 /home/rber/projects/various/FreeRTOS-Arduino/sloeber-workspace/Example0052/Release/arduino.ar(Reset.cpp.o)
                0x00000000000815b0                tickReset
 .text.PIO_PullUp
                0x00000000000815d0        0xa /opt/sloeber-V4.1/sloeber//arduinoPlugin/packages/arduino/hardware/sam/1.6.11/variants/arduino_due_x/libsam_sam3x8e_gcc_rel.a(pio.o)
                0x00000000000815d0                PIO_PullUp
 .text.PIO_SetPeripheral
                0x00000000000815da       0x26 /opt/sloeber-V4.1/sloeber//arduinoPlugin/packages/arduino/hardware/sam/1.6.11/variants/arduino_due_x/libsam_sam3x8e_gcc_rel.a(pio.o)
                0x00000000000815da                PIO_SetPeripheral
 .text.PIO_SetInput
                0x0000000000081600       0x26 /opt/sloeber-V4.1/sloeber//arduinoPlugin/packages/arduino/hardware/sam/1.6.11/variants/arduino_due_x/libsam_sam3x8e_gcc_rel.a(pio.o)
                0x0000000000081600                PIO_SetInput
 .text.PIO_SetOutput
                0x0000000000081626       0x24 /opt/sloeber-V4.1/sloeber//arduinoPlugin/packages/arduino/hardware/sam/1.6.11/variants/arduino_due_x/libsam_sam3x8e_gcc_rel.a(pio.o)
                0x0000000000081626                PIO_SetOutput
 *fill*         0x000000000008164a        0x2 
 .text.PIO_Configure
                0x000000000008164c       0x64 /opt/sloeber-V4.1/sloeber//arduinoPlugin/packages/arduino/hardware/sam/1.6.11/variants/arduino_due_x/libsam_sam3x8e_gcc_rel.a(pio.o)
                0x000000000008164c                PIO_Configure
 .text.PIO_GetOutputDataStatus
                0x00000000000816b0       0x14 /opt/sloeber-V4.1/sloeber//arduinoPlugin/packages/arduino/hardware/sam/1.6.11/variants/arduino_due_x/libsam_sam3x8e_gcc_rel.a(pio.o)
                0x00000000000816b0                PIO_GetOutputDataStatus
 .text.pmc_enable_upll_clock
                0x00000000000816c4       0x14 /opt/sloeber-V4.1/sloeber//arduinoPlugin/packages/arduino/hardware/sam/1.6.11/variants/arduino_due_x/libsam_sam3x8e_gcc_rel.a(pmc.o)
                0x00000000000816c4                pmc_enable_upll_clock
 .text.pmc_enable_periph_clk
                0x00000000000816d8       0x44 /opt/sloeber-V4.1/sloeber//arduinoPlugin/packages/arduino/hardware/sam/1.6.11/variants/arduino_due_x/libsam_sam3x8e_gcc_rel.a(pmc.o)
                0x00000000000816d8                pmc_enable_periph_clk
 .text.pmc_disable_periph_clk
                0x000000000008171c       0x40 /opt/sloeber-V4.1/sloeber//arduinoPlugin/packages/arduino/hardware/sam/1.6.11/variants/arduino_due_x/libsam_sam3x8e_gcc_rel.a(pmc.o)
                0x000000000008171c                pmc_disable_periph_clk
 .text.pmc_switch_udpck_to_upllck
                0x000000000008175c       0x14 /opt/sloeber-V4.1/sloeber//arduinoPlugin/packages/arduino/hardware/sam/1.6.11/variants/arduino_due_x/libsam_sam3x8e_gcc_rel.a(pmc.o)
                0x000000000008175c                pmc_switch_udpck_to_upllck
 .text.pmc_enable_udpck
                0x0000000000081770        0xc /opt/sloeber-V4.1/sloeber//arduinoPlugin/packages/arduino/hardware/sam/1.6.11/variants/arduino_due_x/libsam_sam3x8e_gcc_rel.a(pmc.o)
                0x0000000000081770                pmc_enable_udpck
 .text.TimeTick_Increment
                0x000000000008177c       0x10 /opt/sloeber-V4.1/sloeber//arduinoPlugin/packages/arduino/hardware/sam/1.6.11/variants/arduino_due_x/libsam_sam3x8e_gcc_rel.a(timetick.o)
                0x000000000008177c                TimeTick_Increment
 .text.GetTickCount
                0x000000000008178c        0xc /opt/sloeber-V4.1/sloeber//arduinoPlugin/packages/arduino/hardware/sam/1.6.11/variants/arduino_due_x/libsam_sam3x8e_gcc_rel.a(timetick.o)
                0x000000000008178c                GetTickCount
 .text.WDT_Disable
                0x0000000000081798        0x8 /opt/sloeber-V4.1/sloeber//arduinoPlugin/packages/arduino/hardware/sam/1.6.11/variants/arduino_due_x/libsam_sam3x8e_gcc_rel.a(wdt.o)
                0x0000000000081798                WDT_Disable
 .text.SystemInit
                0x00000000000817a0       0x88 /opt/sloeber-V4.1/sloeber//arduinoPlugin/packages/arduino/hardware/sam/1.6.11/variants/arduino_due_x/libsam_sam3x8e_gcc_rel.a(system_sam3xa.o)
                0x00000000000817a0                SystemInit
 .text.Reset_Handler
                0x0000000000081828       0x78 /opt/sloeber-V4.1/sloeber//arduinoPlugin/packages/arduino/hardware/sam/1.6.11/variants/arduino_due_x/libsam_sam3x8e_gcc_rel.a(startup_sam3xa.o)
                0x0000000000081828                Reset_Handler
 .text.adc_init
                0x00000000000818a0       0x98 /opt/sloeber-V4.1/sloeber//arduinoPlugin/packages/arduino/hardware/sam/1.6.11/variants/arduino_due_x/libsam_sam3x8e_gcc_rel.a(adc.o)
                0x00000000000818a0                adc_init
 .text.adc_configure_trigger
                0x0000000000081938        0xe /opt/sloeber-V4.1/sloeber//arduinoPlugin/packages/arduino/hardware/sam/1.6.11/variants/arduino_due_x/libsam_sam3x8e_gcc_rel.a(adc.o)
                0x0000000000081938                adc_configure_trigger
 .text.adc_configure_timing
                0x0000000000081946       0x1a /opt/sloeber-V4.1/sloeber//arduinoPlugin/packages/arduino/hardware/sam/1.6.11/variants/arduino_due_x/libsam_sam3x8e_gcc_rel.a(adc.o)
                0x0000000000081946                adc_configure_timing
 .text.adc_disable_channel
                0x0000000000081960        0xa /opt/sloeber-V4.1/sloeber//arduinoPlugin/packages/arduino/hardware/sam/1.6.11/variants/arduino_due_x/libsam_sam3x8e_gcc_rel.a(adc.o)
                0x0000000000081960                adc_disable_channel
 .text.adc_disable_all_channel
                0x000000000008196a        0x8 /opt/sloeber-V4.1/sloeber//arduinoPlugin/packages/arduino/hardware/sam/1.6.11/variants/arduino_due_x/libsam_sam3x8e_gcc_rel.a(adc.o)
                0x000000000008196a                adc_disable_all_channel
 .text.adc_disable_interrupt
                0x0000000000081972        0x4 /opt/sloeber-V4.1/sloeber//arduinoPlugin/packages/arduino/hardware/sam/1.6.11/variants/arduino_due_x/libsam_sam3x8e_gcc_rel.a(adc.o)
                0x0000000000081972                adc_disable_interrupt
 *fill*         0x0000000000081976        0x2 
 .text.UOTGHS_Handler
                0x0000000000081978       0x10 /opt/sloeber-V4.1/sloeber//arduinoPlugin/packages/arduino/hardware/sam/1.6.11/variants/arduino_due_x/libsam_sam3x8e_gcc_rel.a(uotghs.o)
                0x0000000000081978                UOTGHS_Handler
 .text.UDD_SetStack
                0x0000000000081988        0xc /opt/sloeber-V4.1/sloeber//arduinoPlugin/packages/arduino/hardware/sam/1.6.11/variants/arduino_due_x/libsam_sam3x8e_gcc_rel.a(uotghs_device.o)
                0x0000000000081988                UDD_SetStack
 .text.UDD_Init
                0x0000000000081994       0xd0 /opt/sloeber-V4.1/sloeber//arduinoPlugin/packages/arduino/hardware/sam/1.6.11/variants/arduino_due_x/libsam_sam3x8e_gcc_rel.a(uotghs_device.o)
                0x0000000000081994                UDD_Init
 .text.UDD_Attach
                0x0000000000081a64       0x50 /opt/sloeber-V4.1/sloeber//arduinoPlugin/packages/arduino/hardware/sam/1.6.11/variants/arduino_due_x/libsam_sam3x8e_gcc_rel.a(uotghs_device.o)
                0x0000000000081a64                UDD_Attach
 .text.UDD_InitEP
                0x0000000000081ab4       0x2c /opt/sloeber-V4.1/sloeber//arduinoPlugin/packages/arduino/hardware/sam/1.6.11/variants/arduino_due_x/libsam_sam3x8e_gcc_rel.a(uotghs_device.o)
                0x0000000000081ab4                UDD_InitEP
 .text.UDD_InitEndpoints
                0x0000000000081ae0       0x3c /opt/sloeber-V4.1/sloeber//arduinoPlugin/packages/arduino/hardware/sam/1.6.11/variants/arduino_due_x/libsam_sam3x8e_gcc_rel.a(uotghs_device.o)
                0x0000000000081ae0                UDD_InitEndpoints
 .text.UDD_WaitIN
                0x0000000000081b1c       0x10 /opt/sloeber-V4.1/sloeber//arduinoPlugin/packages/arduino/hardware/sam/1.6.11/variants/arduino_due_x/libsam_sam3x8e_gcc_rel.a(uotghs_device.o)
                0x0000000000081b1c                UDD_WaitIN
 .text.UDD_WaitOUT
                0x0000000000081b2c       0x10 /opt/sloeber-V4.1/sloeber//arduinoPlugin/packages/arduino/hardware/sam/1.6.11/variants/arduino_due_x/libsam_sam3x8e_gcc_rel.a(uotghs_device.o)
                0x0000000000081b2c                UDD_WaitOUT
 .text.UDD_ClearIN
                0x0000000000081b3c       0x18 /opt/sloeber-V4.1/sloeber//arduinoPlugin/packages/arduino/hardware/sam/1.6.11/variants/arduino_due_x/libsam_sam3x8e_gcc_rel.a(uotghs_device.o)
                0x0000000000081b3c                UDD_ClearIN
 .text.UDD_ClearOUT
                0x0000000000081b54       0x18 /opt/sloeber-V4.1/sloeber//arduinoPlugin/packages/arduino/hardware/sam/1.6.11/variants/arduino_due_x/libsam_sam3x8e_gcc_rel.a(uotghs_device.o)
                0x0000000000081b54                UDD_ClearOUT
 .text.UDD_ReceivedSetupInt
                0x0000000000081b6c       0x10 /opt/sloeber-V4.1/sloeber//arduinoPlugin/packages/arduino/hardware/sam/1.6.11/variants/arduino_due_x/libsam_sam3x8e_gcc_rel.a(uotghs_device.o)
                0x0000000000081b6c                UDD_ReceivedSetupInt
 .text.UDD_ClearSetupInt
                0x0000000000081b7c       0x10 /opt/sloeber-V4.1/sloeber//arduinoPlugin/packages/arduino/hardware/sam/1.6.11/variants/arduino_due_x/libsam_sam3x8e_gcc_rel.a(uotghs_device.o)
                0x0000000000081b7c                UDD_ClearSetupInt
 .text.UDD_Send
                0x0000000000081b8c       0x88 /opt/sloeber-V4.1/sloeber//arduinoPlugin/packages/arduino/hardware/sam/1.6.11/variants/arduino_due_x/libsam_sam3x8e_gcc_rel.a(uotghs_device.o)
                0x0000000000081b8c                UDD_Send
 .text.UDD_Send8
                0x0000000000081c14       0x24 /opt/sloeber-V4.1/sloeber//arduinoPlugin/packages/arduino/hardware/sam/1.6.11/variants/arduino_due_x/libsam_sam3x8e_gcc_rel.a(uotghs_device.o)
                0x0000000000081c14                UDD_Send8
 .text.UDD_Recv8
                0x0000000000081c38       0x28 /opt/sloeber-V4.1/sloeber//arduinoPlugin/packages/arduino/hardware/sam/1.6.11/variants/arduino_due_x/libsam_sam3x8e_gcc_rel.a(uotghs_device.o)
                0x0000000000081c38                UDD_Recv8
 .text.UDD_Recv
                0x0000000000081c60       0x34 /opt/sloeber-V4.1/sloeber//arduinoPlugin/packages/arduino/hardware/sam/1.6.11/variants/arduino_due_x/libsam_sam3x8e_gcc_rel.a(uotghs_device.o)
                0x0000000000081c60                UDD_Recv
 .text.UDD_Stall
                0x0000000000081c94       0x14 /opt/sloeber-V4.1/sloeber//arduinoPlugin/packages/arduino/hardware/sam/1.6.11/variants/arduino_due_x/libsam_sam3x8e_gcc_rel.a(uotghs_device.o)
                0x0000000000081c94                UDD_Stall
 .text.UDD_FifoByteCount
                0x0000000000081ca8       0x14 /opt/sloeber-V4.1/sloeber//arduinoPlugin/packages/arduino/hardware/sam/1.6.11/variants/arduino_due_x/libsam_sam3x8e_gcc_rel.a(uotghs_device.o)
                0x0000000000081ca8                UDD_FifoByteCount
 .text.UDD_ReleaseRX
                0x0000000000081cbc       0x28 /opt/sloeber-V4.1/sloeber//arduinoPlugin/packages/arduino/hardware/sam/1.6.11/variants/arduino_due_x/libsam_sam3x8e_gcc_rel.a(uotghs_device.o)
                0x0000000000081cbc                UDD_ReleaseRX
 .text.UDD_ReleaseTX
                0x0000000000081ce4       0x28 /opt/sloeber-V4.1/sloeber//arduinoPlugin/packages/arduino/hardware/sam/1.6.11/variants/arduino_due_x/libsam_sam3x8e_gcc_rel.a(uotghs_device.o)
                0x0000000000081ce4                UDD_ReleaseTX
 .text.UDD_SetAddress
                0x0000000000081d0c       0x20 /opt/sloeber-V4.1/sloeber//arduinoPlugin/packages/arduino/hardware/sam/1.6.11/variants/arduino_due_x/libsam_sam3x8e_gcc_rel.a(uotghs_device.o)
                0x0000000000081d0c                UDD_SetAddress
 .text.PIOA_Handler
                0x0000000000081d2c       0x38 /home/rber/projects/various/FreeRTOS-Arduino/sloeber-workspace/Example0052/Release/arduino.ar(WInterrupts.c.o)
                0x0000000000081d2c                PIOA_Handler
 .text.PIOB_Handler
                0x0000000000081d64       0x38 /home/rber/projects/various/FreeRTOS-Arduino/sloeber-workspace/Example0052/Release/arduino.ar(WInterrupts.c.o)
                0x0000000000081d64                PIOB_Handler
 .text.PIOC_Handler
                0x0000000000081d9c       0x38 /home/rber/projects/various/FreeRTOS-Arduino/sloeber-workspace/Example0052/Release/arduino.ar(WInterrupts.c.o)
                0x0000000000081d9c                PIOC_Handler
 .text.PIOD_Handler
                0x0000000000081dd4       0x38 /home/rber/projects/various/FreeRTOS-Arduino/sloeber-workspace/Example0052/Release/arduino.ar(WInterrupts.c.o)
                0x0000000000081dd4                PIOD_Handler
 .text.__halt   0x0000000000081e0c        0x2 /home/rber/projects/various/FreeRTOS-Arduino/sloeber-workspace/Example0052/Release/arduino.ar(cortex_handlers.c.o)
                0x0000000000081e0c                DACC_Handler
                0x0000000000081e0c                DebugMon_Handler
                0x0000000000081e0c                DMAC_Handler
                0x0000000000081e0c                TRNG_Handler
                0x0000000000081e0c                TC2_Handler
                0x0000000000081e0c                TWI1_Handler
                0x0000000000081e0c                NMI_Handler
                0x0000000000081e0c                TC7_Handler
                0x0000000000081e0c                ADC_Handler
                0x0000000000081e0c                SMC_Handler
                0x0000000000081e0c                RTT_Handler
                0x0000000000081e0c                EFC1_Handler
                0x0000000000081e0c                RTC_Handler
                0x0000000000081e0c                TC6_Handler
                0x0000000000081e0c                WDT_Handler
                0x0000000000081e0c                CAN0_Handler
                0x0000000000081e0c                TC4_Handler
                0x0000000000081e0c                TC1_Handler
                0x0000000000081e0c                HSMCI_Handler
                0x0000000000081e0c                TC3_Handler
                0x0000000000081e0c                TWI0_Handler
                0x0000000000081e0c                SSC_Handler
                0x0000000000081e0c                EFC0_Handler
                0x0000000000081e0c                PMC_Handler
                0x0000000000081e0c                PWM_Handler
                0x0000000000081e0c                CAN1_Handler
                0x0000000000081e0c                MemManage_Handler
                0x0000000000081e0c                SUPC_Handler
                0x0000000000081e0c                TC8_Handler
                0x0000000000081e0c                USART2_Handler
                0x0000000000081e0c                EMAC_Handler
                0x0000000000081e0c                RSTC_Handler
                0x0000000000081e0c                TC0_Handler
                0x0000000000081e0c                TC5_Handler
                0x0000000000081e0c                SPI0_Handler
 .text.SVC_Handler
                0x0000000000081e0e        0x4 /home/rber/projects/various/FreeRTOS-Arduino/sloeber-workspace/Example0052/Release/arduino.ar(cortex_handlers.c.o)
                0x0000000000081e0e                SVC_Handler
 .text.PendSV_Handler
                0x0000000000081e12        0x4 /home/rber/projects/various/FreeRTOS-Arduino/sloeber-workspace/Example0052/Release/arduino.ar(cortex_handlers.c.o)
                0x0000000000081e12                PendSV_Handler
 .text.SysTick_Handler
                0x0000000000081e16       0x16 /home/rber/projects/various/FreeRTOS-Arduino/sloeber-workspace/Example0052/Release/arduino.ar(cortex_handlers.c.o)
                0x0000000000081e16                SysTick_Handler
 .text.__libc_init_array
                0x0000000000081e2c       0x50 /opt/sloeber-V4.1/sloeber/arduinoPlugin/packages/arduino/tools/arm-none-eabi-gcc/4.8.3-2014q1/bin/../lib/gcc/arm-none-eabi/4.8.3/../../../../arm-none-eabi/lib/armv7-m/libg.a(lib_a-init.o)
                0x0000000000081e2c                __libc_init_array
 .text.iprintf  0x0000000000081e7c       0x28 /opt/sloeber-V4.1/sloeber/arduinoPlugin/packages/arduino/tools/arm-none-eabi-gcc/4.8.3-2014q1/bin/../lib/gcc/arm-none-eabi/4.8.3/../../../../arm-none-eabi/lib/armv7-m/libg.a(lib_a-iprintf.o)
                0x0000000000081e7c                iprintf
 .text.malloc   0x0000000000081ea4       0x10 /opt/sloeber-V4.1/sloeber/arduinoPlugin/packages/arduino/tools/arm-none-eabi-gcc/4.8.3-2014q1/bin/../lib/gcc/arm-none-eabi/4.8.3/../../../../arm-none-eabi/lib/armv7-m/libg.a(lib_a-malloc.o)
                0x0000000000081ea4                malloc
 .text._malloc_r
                0x0000000000081eb4      0x538 /opt/sloeber-V4.1/sloeber/arduinoPlugin/packages/arduino/tools/arm-none-eabi-gcc/4.8.3-2014q1/bin/../lib/gcc/arm-none-eabi/4.8.3/../../../../arm-none-eabi/lib/armv7-m/libg.a(lib_a-mallocr.o)
                0x0000000000081eb4                _malloc_r
 .text          0x00000000000823ec       0xec /opt/sloeber-V4.1/sloeber/arduinoPlugin/packages/arduino/tools/arm-none-eabi-gcc/4.8.3-2014q1/bin/../lib/gcc/arm-none-eabi/4.8.3/../../../../arm-none-eabi/lib/armv7-m/libg.a(lib_a-memcpy.o)
                0x00000000000823ec                memcpy
 .text.memset   0x00000000000824d8       0x94 /opt/sloeber-V4.1/sloeber/arduinoPlugin/packages/arduino/tools/arm-none-eabi-gcc/4.8.3-2014q1/bin/../lib/gcc/arm-none-eabi/4.8.3/../../../../arm-none-eabi/lib/armv7-m/libg.a(lib_a-memset.o)
                0x00000000000824d8                memset
 .text.__malloc_lock
                0x000000000008256c        0x4 /opt/sloeber-V4.1/sloeber/arduinoPlugin/packages/arduino/tools/arm-none-eabi-gcc/4.8.3-2014q1/bin/../lib/gcc/arm-none-eabi/4.8.3/../../../../arm-none-eabi/lib/armv7-m/libg.a(lib_a-mlock.o)
                0x000000000008256c                __malloc_lock
 .text.__malloc_unlock
                0x0000000000082570        0x4 /opt/sloeber-V4.1/sloeber/arduinoPlugin/packages/arduino/tools/arm-none-eabi-gcc/4.8.3-2014q1/bin/../lib/gcc/arm-none-eabi/4.8.3/../../../../arm-none-eabi/lib/armv7-m/libg.a(lib_a-mlock.o)
                0x0000000000082570                __malloc_unlock
 .text._sbrk_r  0x0000000000082574       0x24 /opt/sloeber-V4.1/sloeber/arduinoPlugin/packages/arduino/tools/arm-none-eabi-gcc/4.8.3-2014q1/bin/../lib/gcc/arm-none-eabi/4.8.3/../../../../arm-none-eabi/lib/armv7-m/libg.a(lib_a-sbrkr.o)
                0x0000000000082574                _sbrk_r
 .text.strlen   0x0000000000082598       0x60 /opt/sloeber-V4.1/sloeber/arduinoPlugin/packages/arduino/tools/arm-none-eabi-gcc/4.8.3-2014q1/bin/../lib/gcc/arm-none-eabi/4.8.3/../../../../arm-none-eabi/lib/armv7-m/libg.a(lib_a-strlen.o)
                0x0000000000082598                strlen
 .text.kill     0x00000000000825f8       0x10 /opt/sloeber-V4.1/sloeber/arduinoPlugin/packages/arduino/tools/arm-none-eabi-gcc/4.8.3-2014q1/bin/../lib/gcc/arm-none-eabi/4.8.3/../../../../arm-none-eabi/lib/armv7-m/libg.a(lib_a-syskill.o)
                0x00000000000825f8                kill
 .text.__sprint_r.part.0
                0x0000000000082608       0x78 /opt/sloeber-V4.1/sloeber/arduinoPlugin/packages/arduino/tools/arm-none-eabi-gcc/4.8.3-2014q1/bin/../lib/gcc/arm-none-eabi/4.8.3/../../../../arm-none-eabi/lib/armv7-m/libg.a(lib_a-vfiprintf.o)
 .text._vfiprintf_r
                0x0000000000082680      0xc54 /opt/sloeber-V4.1/sloeber/arduinoPlugin/packages/arduino/tools/arm-none-eabi-gcc/4.8.3-2014q1/bin/../lib/gcc/arm-none-eabi/4.8.3/../../../../arm-none-eabi/lib/armv7-m/libg.a(lib_a-vfiprintf.o)
                0x0000000000082680                _vfiprintf_r
 .text.__sbprintf
                0x00000000000832d4       0x7c /opt/sloeber-V4.1/sloeber/arduinoPlugin/packages/arduino/tools/arm-none-eabi-gcc/4.8.3-2014q1/bin/../lib/gcc/arm-none-eabi/4.8.3/../../../../arm-none-eabi/lib/armv7-m/libg.a(lib_a-vfiprintf.o)
 .text.__swsetup_r
                0x0000000000083350       0xc4 /opt/sloeber-V4.1/sloeber/arduinoPlugin/packages/arduino/tools/arm-none-eabi-gcc/4.8.3-2014q1/bin/../lib/gcc/arm-none-eabi/4.8.3/../../../../arm-none-eabi/lib/armv7-m/libg.a(lib_a-wsetup.o)
                0x0000000000083350                __swsetup_r
 .text.startup.register_fini
                0x0000000000083414       0x14 /opt/sloeber-V4.1/sloeber/arduinoPlugin/packages/arduino/tools/arm-none-eabi-gcc/4.8.3-2014q1/bin/../lib/gcc/arm-none-eabi/4.8.3/../../../../arm-none-eabi/lib/armv7-m/libg.a(lib_a-__call_atexit.o)
 .text.atexit   0x0000000000083428        0xc /opt/sloeber-V4.1/sloeber/arduinoPlugin/packages/arduino/tools/arm-none-eabi-gcc/4.8.3-2014q1/bin/../lib/gcc/arm-none-eabi/4.8.3/../../../../arm-none-eabi/lib/armv7-m/libg.a(lib_a-atexit.o)
                0x0000000000083428                atexit
 .text.__sflush_r
                0x0000000000083434      0x148 /opt/sloeber-V4.1/sloeber/arduinoPlugin/packages/arduino/tools/arm-none-eabi-gcc/4.8.3-2014q1/bin/../lib/gcc/arm-none-eabi/4.8.3/../../../../arm-none-eabi/lib/armv7-m/libg.a(lib_a-fflush.o)
                0x0000000000083434                __sflush_r
 .text._fflush_r
                0x000000000008357c       0x2c /opt/sloeber-V4.1/sloeber/arduinoPlugin/packages/arduino/tools/arm-none-eabi-gcc/4.8.3-2014q1/bin/../lib/gcc/arm-none-eabi/4.8.3/../../../../arm-none-eabi/lib/armv7-m/libg.a(lib_a-fflush.o)
                0x000000000008357c                _fflush_r
 .text._cleanup_r
                0x00000000000835a8        0xc /opt/sloeber-V4.1/sloeber/arduinoPlugin/packages/arduino/tools/arm-none-eabi-gcc/4.8.3-2014q1/bin/../lib/gcc/arm-none-eabi/4.8.3/../../../../arm-none-eabi/lib/armv7-m/libg.a(lib_a-findfp.o)
                0x00000000000835a8                _cleanup_r
 .text.__sinit  0x00000000000835b4       0xf4 /opt/sloeber-V4.1/sloeber/arduinoPlugin/packages/arduino/tools/arm-none-eabi-gcc/4.8.3-2014q1/bin/../lib/gcc/arm-none-eabi/4.8.3/../../../../arm-none-eabi/lib/armv7-m/libg.a(lib_a-findfp.o)
                0x00000000000835b4                __sinit
 .text.__sfp_lock_acquire
                0x00000000000836a8        0x4 /opt/sloeber-V4.1/sloeber/arduinoPlugin/packages/arduino/tools/arm-none-eabi-gcc/4.8.3-2014q1/bin/../lib/gcc/arm-none-eabi/4.8.3/../../../../arm-none-eabi/lib/armv7-m/libg.a(lib_a-findfp.o)
                0x00000000000836a8                __sfp_lock_acquire
 .text.__sfp_lock_release
                0x00000000000836ac        0x4 /opt/sloeber-V4.1/sloeber/arduinoPlugin/packages/arduino/tools/arm-none-eabi-gcc/4.8.3-2014q1/bin/../lib/gcc/arm-none-eabi/4.8.3/../../../../arm-none-eabi/lib/armv7-m/libg.a(lib_a-findfp.o)
                0x00000000000836ac                __sfp_lock_release
 .text.__libc_fini_array
                0x00000000000836b0       0x30 /opt/sloeber-V4.1/sloeber/arduinoPlugin/packages/arduino/tools/arm-none-eabi-gcc/4.8.3-2014q1/bin/../lib/gcc/arm-none-eabi/4.8.3/../../../../arm-none-eabi/lib/armv7-m/libg.a(lib_a-fini.o)
                0x00000000000836b0                __libc_fini_array
 .text._fputwc_r
                0x00000000000836e0       0xc0 /opt/sloeber-V4.1/sloeber/arduinoPlugin/packages/arduino/tools/arm-none-eabi-gcc/4.8.3-2014q1/bin/../lib/gcc/arm-none-eabi/4.8.3/../../../../arm-none-eabi/lib/armv7-m/libg.a(lib_a-fputwc.o)
                0x00000000000836e0                _fputwc_r
 .text._malloc_trim_r
                0x00000000000837a0       0x9c /opt/sloeber-V4.1/sloeber/arduinoPlugin/packages/arduino/tools/arm-none-eabi-gcc/4.8.3-2014q1/bin/../lib/gcc/arm-none-eabi/4.8.3/../../../../arm-none-eabi/lib/armv7-m/libg.a(lib_a-freer.o)
                0x00000000000837a0                _malloc_trim_r
 .text._free_r  0x000000000008383c      0x198 /opt/sloeber-V4.1/sloeber/arduinoPlugin/packages/arduino/tools/arm-none-eabi-gcc/4.8.3-2014q1/bin/../lib/gcc/arm-none-eabi/4.8.3/../../../../arm-none-eabi/lib/armv7-m/libg.a(lib_a-freer.o)
                0x000000000008383c                _free_r
 .text.__sfvwrite_r
                0x00000000000839d4      0x314 /opt/sloeber-V4.1/sloeber/arduinoPlugin/packages/arduino/tools/arm-none-eabi-gcc/4.8.3-2014q1/bin/../lib/gcc/arm-none-eabi/4.8.3/../../../../arm-none-eabi/lib/armv7-m/libg.a(lib_a-fvwrite.o)
                0x00000000000839d4                __sfvwrite_r
 .text._fwalk   0x0000000000083ce8       0x48 /opt/sloeber-V4.1/sloeber/arduinoPlugin/packages/arduino/tools/arm-none-eabi-gcc/4.8.3-2014q1/bin/../lib/gcc/arm-none-eabi/4.8.3/../../../../arm-none-eabi/lib/armv7-m/libg.a(lib_a-fwalk.o)
                0x0000000000083ce8                _fwalk
 .text.__locale_charset
                0x0000000000083d30        0x8 /opt/sloeber-V4.1/sloeber/arduinoPlugin/packages/arduino/tools/arm-none-eabi-gcc/4.8.3-2014q1/bin/../lib/gcc/arm-none-eabi/4.8.3/../../../../arm-none-eabi/lib/armv7-m/libg.a(lib_a-locale.o)
                0x0000000000083d30                __locale_charset
 .text.__locale_mb_cur_max
                0x0000000000083d38        0xc /opt/sloeber-V4.1/sloeber/arduinoPlugin/packages/arduino/tools/arm-none-eabi-gcc/4.8.3-2014q1/bin/../lib/gcc/arm-none-eabi/4.8.3/../../../../arm-none-eabi/lib/armv7-m/libg.a(lib_a-locale.o)
                0x0000000000083d38                __locale_mb_cur_max
 .text.__smakebuf_r
                0x0000000000083d44       0xe0 /opt/sloeber-V4.1/sloeber/arduinoPlugin/packages/arduino/tools/arm-none-eabi-gcc/4.8.3-2014q1/bin/../lib/gcc/arm-none-eabi/4.8.3/../../../../arm-none-eabi/lib/armv7-m/libg.a(lib_a-makebuf.o)
                0x0000000000083d44                __smakebuf_r
 .text.memchr   0x0000000000083e24       0x94 /opt/sloeber-V4.1/sloeber/arduinoPlugin/packages/arduino/tools/arm-none-eabi-gcc/4.8.3-2014q1/bin/../lib/gcc/arm-none-eabi/4.8.3/../../../../arm-none-eabi/lib/armv7-m/libg.a(lib_a-memchr-stub.o)
                0x0000000000083e24                memchr
 .text.memmove  0x0000000000083eb8       0xcc /opt/sloeber-V4.1/sloeber/arduinoPlugin/packages/arduino/tools/arm-none-eabi-gcc/4.8.3-2014q1/bin/../lib/gcc/arm-none-eabi/4.8.3/../../../../arm-none-eabi/lib/armv7-m/libg.a(lib_a-memmove.o)
                0x0000000000083eb8                memmove
 .text._realloc_r
                0x0000000000083f84      0x3c0 /opt/sloeber-V4.1/sloeber/arduinoPlugin/packages/arduino/tools/arm-none-eabi-gcc/4.8.3-2014q1/bin/../lib/gcc/arm-none-eabi/4.8.3/../../../../arm-none-eabi/lib/armv7-m/libg.a(lib_a-reallocr.o)
                0x0000000000083f84                _realloc_r
 .text._kill_r  0x0000000000084344       0x28 /opt/sloeber-V4.1/sloeber/arduinoPlugin/packages/arduino/tools/arm-none-eabi-gcc/4.8.3-2014q1/bin/../lib/gcc/arm-none-eabi/4.8.3/../../../../arm-none-eabi/lib/armv7-m/libg.a(lib_a-signalr.o)
                0x0000000000084344                _kill_r
 .text.__sread  0x000000000008436c       0x24 /opt/sloeber-V4.1/sloeber/arduinoPlugin/packages/arduino/tools/arm-none-eabi-gcc/4.8.3-2014q1/bin/../lib/gcc/arm-none-eabi/4.8.3/../../../../arm-none-eabi/lib/armv7-m/libg.a(lib_a-stdio.o)
                0x000000000008436c                __sread
 .text.__swrite
                0x0000000000084390       0x38 /opt/sloeber-V4.1/sloeber/arduinoPlugin/packages/arduino/tools/arm-none-eabi-gcc/4.8.3-2014q1/bin/../lib/gcc/arm-none-eabi/4.8.3/../../../../arm-none-eabi/lib/armv7-m/libg.a(lib_a-stdio.o)
                0x0000000000084390                __swrite
 .text.__sseek  0x00000000000843c8       0x20 /opt/sloeber-V4.1/sloeber/arduinoPlugin/packages/arduino/tools/arm-none-eabi-gcc/4.8.3-2014q1/bin/../lib/gcc/arm-none-eabi/4.8.3/../../../../arm-none-eabi/lib/armv7-m/libg.a(lib_a-stdio.o)
                0x00000000000843c8                __sseek
 .text.__sclose
                0x00000000000843e8        0x8 /opt/sloeber-V4.1/sloeber/arduinoPlugin/packages/arduino/tools/arm-none-eabi-gcc/4.8.3-2014q1/bin/../lib/gcc/arm-none-eabi/4.8.3/../../../../arm-none-eabi/lib/armv7-m/libg.a(lib_a-stdio.o)
                0x00000000000843e8                __sclose
 .text.__swbuf_r
                0x00000000000843f0       0xa8 /opt/sloeber-V4.1/sloeber/arduinoPlugin/packages/arduino/tools/arm-none-eabi-gcc/4.8.3-2014q1/bin/../lib/gcc/arm-none-eabi/4.8.3/../../../../arm-none-eabi/lib/armv7-m/libg.a(lib_a-wbuf.o)
                0x00000000000843f0                __swbuf_r
 .text._wcrtomb_r
                0x0000000000084498       0x50 /opt/sloeber-V4.1/sloeber/arduinoPlugin/packages/arduino/tools/arm-none-eabi-gcc/4.8.3-2014q1/bin/../lib/gcc/arm-none-eabi/4.8.3/../../../../arm-none-eabi/lib/armv7-m/libg.a(lib_a-wcrtomb.o)
                0x0000000000084498                _wcrtomb_r
 .text.__ascii_wctomb
                0x00000000000844e8       0x1c /opt/sloeber-V4.1/sloeber/arduinoPlugin/packages/arduino/tools/arm-none-eabi-gcc/4.8.3-2014q1/bin/../lib/gcc/arm-none-eabi/4.8.3/../../../../arm-none-eabi/lib/armv7-m/libg.a(lib_a-wctomb_r.o)
                0x00000000000844e8                __ascii_wctomb
 .text._write_r
                0x0000000000084504       0x28 /opt/sloeber-V4.1/sloeber/arduinoPlugin/packages/arduino/tools/arm-none-eabi-gcc/4.8.3-2014q1/bin/../lib/gcc/arm-none-eabi/4.8.3/../../../../arm-none-eabi/lib/armv7-m/libg.a(lib_a-writer.o)
                0x0000000000084504                _write_r
 .text.__register_exitproc
                0x000000000008452c       0xa8 /opt/sloeber-V4.1/sloeber/arduinoPlugin/packages/arduino/tools/arm-none-eabi-gcc/4.8.3-2014q1/bin/../lib/gcc/arm-none-eabi/4.8.3/../../../../arm-none-eabi/lib/armv7-m/libg.a(lib_a-__atexit.o)
                0x000000000008452c                __register_exitproc
 .text._close_r
                0x00000000000845d4       0x24 /opt/sloeber-V4.1/sloeber/arduinoPlugin/packages/arduino/tools/arm-none-eabi-gcc/4.8.3-2014q1/bin/../lib/gcc/arm-none-eabi/4.8.3/../../../../arm-none-eabi/lib/armv7-m/libg.a(lib_a-closer.o)
                0x00000000000845d4                _close_r
 .text._fclose_r
                0x00000000000845f8       0x80 /opt/sloeber-V4.1/sloeber/arduinoPlugin/packages/arduino/tools/arm-none-eabi-gcc/4.8.3-2014q1/bin/../lib/gcc/arm-none-eabi/4.8.3/../../../../arm-none-eabi/lib/armv7-m/libg.a(lib_a-fclose.o)
                0x00000000000845f8                _fclose_r
 .text.fclose   0x0000000000084678       0x10 /opt/sloeber-V4.1/sloeber/arduinoPlugin/packages/arduino/tools/arm-none-eabi-gcc/4.8.3-2014q1/bin/../lib/gcc/arm-none-eabi/4.8.3/../../../../arm-none-eabi/lib/armv7-m/libg.a(lib_a-fclose.o)
                0x0000000000084678                fclose
 .text._fstat_r
                0x0000000000084688       0x28 /opt/sloeber-V4.1/sloeber/arduinoPlugin/packages/arduino/tools/arm-none-eabi-gcc/4.8.3-2014q1/bin/../lib/gcc/arm-none-eabi/4.8.3/../../../../arm-none-eabi/lib/armv7-m/libg.a(lib_a-fstatr.o)
                0x0000000000084688                _fstat_r
 .text._isatty_r
                0x00000000000846b0       0x24 /opt/sloeber-V4.1/sloeber/arduinoPlugin/packages/arduino/tools/arm-none-eabi-gcc/4.8.3-2014q1/bin/../lib/gcc/arm-none-eabi/4.8.3/../../../../arm-none-eabi/lib/armv7-m/libg.a(lib_a-isattyr.o)
                0x00000000000846b0                _isatty_r
 .text._lseek_r
                0x00000000000846d4       0x28 /opt/sloeber-V4.1/sloeber/arduinoPlugin/packages/arduino/tools/arm-none-eabi-gcc/4.8.3-2014q1/bin/../lib/gcc/arm-none-eabi/4.8.3/../../../../arm-none-eabi/lib/armv7-m/libg.a(lib_a-lseekr.o)
                0x00000000000846d4                _lseek_r
 .text._read_r  0x00000000000846fc       0x28 /opt/sloeber-V4.1/sloeber/arduinoPlugin/packages/arduino/tools/arm-none-eabi-gcc/4.8.3-2014q1/bin/../lib/gcc/arm-none-eabi/4.8.3/../../../../arm-none-eabi/lib/armv7-m/libg.a(lib_a-readr.o)
                0x00000000000846fc                _read_r
 .text          0x0000000000084724       0x2c /opt/sloeber-V4.1/sloeber/arduinoPlugin/packages/arduino/tools/arm-none-eabi-gcc/4.8.3-2014q1/bin/../lib/gcc/arm-none-eabi/4.8.3/armv7-m/libgcc.a(_aeabi_uldivmod.o)
                0x0000000000084724                __aeabi_uldivmod
 .text          0x0000000000084750       0x60 /opt/sloeber-V4.1/sloeber/arduinoPlugin/packages/arduino/tools/arm-none-eabi-gcc/4.8.3-2014q1/bin/../lib/gcc/arm-none-eabi/4.8.3/armv7-m/libgcc.a(bpabi.o)
                0x0000000000084750                __gnu_ldivmod_helper
                0x0000000000084780                __gnu_uldivmod_helper
 .text          0x00000000000847b0        0x4 /opt/sloeber-V4.1/sloeber/arduinoPlugin/packages/arduino/tools/arm-none-eabi-gcc/4.8.3-2014q1/bin/../lib/gcc/arm-none-eabi/4.8.3/armv7-m/libgcc.a(_dvmd_tls.o)
                0x00000000000847b0                __aeabi_ldiv0
                0x00000000000847b0                __aeabi_idiv0
 .text          0x00000000000847b4      0x2a0 /opt/sloeber-V4.1/sloeber/arduinoPlugin/packages/arduino/tools/arm-none-eabi-gcc/4.8.3-2014q1/bin/../lib/gcc/arm-none-eabi/4.8.3/armv7-m/libgcc.a(_divdi3.o)
                0x00000000000847b4                __divdi3
 .text          0x0000000000084a54      0x290 /opt/sloeber-V4.1/sloeber/arduinoPlugin/packages/arduino/tools/arm-none-eabi-gcc/4.8.3-2014q1/bin/../lib/gcc/arm-none-eabi/4.8.3/armv7-m/libgcc.a(_udivdi3.o)
                0x0000000000084a54                __udivdi3
 *(.glue_7t)
 .glue_7t       0x0000000000000000        0x0 linker stubs
 *(.glue_7)
 .glue_7        0x0000000000000000        0x0 linker stubs
 *(.rodata .rodata* .gnu.linkonce.r.*)
 .rodata.g_APinDescription
                0x0000000000084ce4      0xa2c /home/rber/projects/various/FreeRTOS-Arduino/sloeber-workspace/Example0052/Release/arduino.ar(variant.cpp.o)
                0x0000000000084ce4                g_APinDescription
 .rodata._ZTV9UARTClass
                0x0000000000085710       0x30 /home/rber/projects/various/FreeRTOS-Arduino/sloeber-workspace/Example0052/Release/arduino.ar(UARTClass.cpp.o)
                0x0000000000085710                vtable for UARTClass
 .rodata._ZTV10USARTClass
                0x0000000000085740       0x30 /home/rber/projects/various/FreeRTOS-Arduino/sloeber-workspace/Example0052/Release/arduino.ar(USARTClass.cpp.o)
                0x0000000000085740                vtable for USARTClass
 .rodata.str1.1
                0x0000000000085770       0x19 /home/rber/projects/various/FreeRTOS-Arduino/sloeber-workspace/Example0052/Release/arduino.ar(syscalls_sam3.c.o)
 .rodata.STRING_PRODUCT
                0x0000000000085789        0xc /home/rber/projects/various/FreeRTOS-Arduino/sloeber-workspace/Example0052/Release/arduino.ar(USBCore.cpp.o)
                0x0000000000085789                STRING_PRODUCT
 .rodata.USB_DeviceDescriptor
                0x0000000000085795       0x12 /home/rber/projects/various/FreeRTOS-Arduino/sloeber-workspace/Example0052/Release/arduino.ar(USBCore.cpp.o)
                0x0000000000085795                USB_DeviceDescriptor
 *fill*         0x00000000000857a7        0x1 
 .rodata.STRING_LANGUAGE
                0x00000000000857a8        0x4 /home/rber/projects/various/FreeRTOS-Arduino/sloeber-workspace/Example0052/Release/arduino.ar(USBCore.cpp.o)
                0x00000000000857a8                STRING_LANGUAGE
 .rodata._ZL18test_packet_buffer
                0x00000000000857ac       0x35 /home/rber/projects/various/FreeRTOS-Arduino/sloeber-workspace/Example0052/Release/arduino.ar(USBCore.cpp.o)
 .rodata.STRING_MANUFACTURER
                0x00000000000857e1        0xc /home/rber/projects/various/FreeRTOS-Arduino/sloeber-workspace/Example0052/Release/arduino.ar(USBCore.cpp.o)
                0x00000000000857e1                STRING_MANUFACTURER
 .rodata.USB_DeviceDescriptorA
                0x00000000000857ed       0x12 /home/rber/projects/various/FreeRTOS-Arduino/sloeber-workspace/Example0052/Release/arduino.ar(USBCore.cpp.o)
                0x00000000000857ed                USB_DeviceDescriptorA
 .rodata._ZL19USB_DeviceQualifier
                0x00000000000857ff        0x9 /home/rber/projects/various/FreeRTOS-Arduino/sloeber-workspace/Example0052/Release/arduino.ar(USBCore.cpp.o)
 .rodata._ZTV7Serial_
                0x0000000000085808       0x28 /home/rber/projects/various/FreeRTOS-Arduino/sloeber-workspace/Example0052/Release/arduino.ar(CDC.cpp.o)
                0x0000000000085808                vtable for Serial_
 .rodata._ZL18_cdcOtherInterface
                0x0000000000085830       0x42 /home/rber/projects/various/FreeRTOS-Arduino/sloeber-workspace/Example0052/Release/arduino.ar(CDC.cpp.o)
 .rodata._ZL13_cdcInterface
                0x0000000000085872       0x42 /home/rber/projects/various/FreeRTOS-Arduino/sloeber-workspace/Example0052/Release/arduino.ar(CDC.cpp.o)
 .rodata        0x00000000000858b4       0x40 /opt/sloeber-V4.1/sloeber//arduinoPlugin/packages/arduino/hardware/sam/1.6.11/variants/arduino_due_x/libsam_sam3x8e_gcc_rel.a(adc.o)
 .rodata.str1.4
                0x00000000000858f4        0x2 /opt/sloeber-V4.1/sloeber/arduinoPlugin/packages/arduino/tools/arm-none-eabi-gcc/4.8.3-2014q1/bin/../lib/gcc/arm-none-eabi/4.8.3/../../../../arm-none-eabi/lib/armv7-m/libg.a(lib_a-impure.o)
                                          0x4 (size before relaxing)
 *fill*         0x00000000000858f6        0x2 
 .rodata._global_impure_ptr
                0x00000000000858f8        0x4 /opt/sloeber-V4.1/sloeber/arduinoPlugin/packages/arduino/tools/arm-none-eabi-gcc/4.8.3-2014q1/bin/../lib/gcc/arm-none-eabi/4.8.3/../../../../arm-none-eabi/lib/armv7-m/libg.a(lib_a-impure.o)
                0x00000000000858f8                _global_impure_ptr
 .rodata.blanks.6717
                0x00000000000858fc       0x10 /opt/sloeber-V4.1/sloeber/arduinoPlugin/packages/arduino/tools/arm-none-eabi-gcc/4.8.3-2014q1/bin/../lib/gcc/arm-none-eabi/4.8.3/../../../../arm-none-eabi/lib/armv7-m/libg.a(lib_a-vfiprintf.o)
 .rodata.str1.4
                0x000000000008590c       0x30 /opt/sloeber-V4.1/sloeber/arduinoPlugin/packages/arduino/tools/arm-none-eabi-gcc/4.8.3-2014q1/bin/../lib/gcc/arm-none-eabi/4.8.3/../../../../arm-none-eabi/lib/armv7-m/libg.a(lib_a-vfiprintf.o)
 .rodata.zeroes.6718
                0x000000000008593c       0x10 /opt/sloeber-V4.1/sloeber/arduinoPlugin/packages/arduino/tools/arm-none-eabi-gcc/4.8.3-2014q1/bin/../lib/gcc/arm-none-eabi/4.8.3/../../../../arm-none-eabi/lib/armv7-m/libg.a(lib_a-vfiprintf.o)
 *(.ARM.extab* .gnu.linkonce.armextab.*)
                0x000000000008594c                . = ALIGN (0x4)
 *(.init)
 .init          0x000000000008594c        0x4 /opt/sloeber-V4.1/sloeber/arduinoPlugin/packages/arduino/tools/arm-none-eabi-gcc/4.8.3-2014q1/bin/../lib/gcc/arm-none-eabi/4.8.3/armv7-m/crti.o
                0x000000000008594c                _init
 .init          0x0000000000085950        0x8 /opt/sloeber-V4.1/sloeber/arduinoPlugin/packages/arduino/tools/arm-none-eabi-gcc/4.8.3-2014q1/bin/../lib/gcc/arm-none-eabi/4.8.3/armv7-m/crtn.o
                0x0000000000085958                . = ALIGN (0x4)
                0x0000000000085958                __preinit_array_start = .
 *(.preinit_array)
                0x0000000000085958                __preinit_array_end = .
                0x0000000000085958                . = ALIGN (0x4)
                0x0000000000085958                __init_array_start = .
 *(SORT(.init_array.*))
 .init_array.00000
                0x0000000000085958        0x4 /opt/sloeber-V4.1/sloeber/arduinoPlugin/packages/arduino/tools/arm-none-eabi-gcc/4.8.3-2014q1/bin/../lib/gcc/arm-none-eabi/4.8.3/../../../../arm-none-eabi/lib/armv7-m/libg.a(lib_a-__call_atexit.o)
 *(.init_array)
 .init_array    0x000000000008595c        0x4 /opt/sloeber-V4.1/sloeber/arduinoPlugin/packages/arduino/tools/arm-none-eabi-gcc/4.8.3-2014q1/bin/../lib/gcc/arm-none-eabi/4.8.3/armv7-m/crtbegin.o
 .init_array    0x0000000000085960        0x4 /home/rber/projects/various/FreeRTOS-Arduino/sloeber-workspace/Example0052/Release/arduino.ar(variant.cpp.o)
 .init_array    0x0000000000085964        0x4 /home/rber/projects/various/FreeRTOS-Arduino/sloeber-workspace/Example0052/Release/arduino.ar(USBCore.cpp.o)
 .init_array    0x0000000000085968        0x4 /home/rber/projects/various/FreeRTOS-Arduino/sloeber-workspace/Example0052/Release/arduino.ar(CDC.cpp.o)
                0x000000000008596c                __init_array_end = .
                0x000000000008596c                . = ALIGN (0x4)
 *crtbegin.o(.ctors)
 *(EXCLUDE_FILE(*crtend.o) .ctors)
 *(SORT(.ctors.*))
 *crtend.o(.ctors)
                0x000000000008596c                . = ALIGN (0x4)
 *(.fini)
 .fini          0x000000000008596c        0x4 /opt/sloeber-V4.1/sloeber/arduinoPlugin/packages/arduino/tools/arm-none-eabi-gcc/4.8.3-2014q1/bin/../lib/gcc/arm-none-eabi/4.8.3/armv7-m/crti.o
                0x000000000008596c                _fini
 .fini          0x0000000000085970        0x8 /opt/sloeber-V4.1/sloeber/arduinoPlugin/packages/arduino/tools/arm-none-eabi-gcc/4.8.3-2014q1/bin/../lib/gcc/arm-none-eabi/4.8.3/armv7-m/crtn.o
                0x0000000000085978                . = ALIGN (0x4)
                0x0000000000085978                __fini_array_start = .
 *(.fini_array)
 .fini_array    0x0000000000085978        0x4 /opt/sloeber-V4.1/sloeber/arduinoPlugin/packages/arduino/tools/arm-none-eabi-gcc/4.8.3-2014q1/bin/../lib/gcc/arm-none-eabi/4.8.3/armv7-m/crtbegin.o
 *(SORT(.fini_array.*))
                0x000000000008597c                __fini_array_end = .
 *crtbegin.o(.dtors)
 *(EXCLUDE_FILE(*crtend.o) .dtors)
 *(SORT(.dtors.*))
 *crtend.o(.dtors)
                0x000000000008597c                . = ALIGN (0x4)
                0x000000000008597c                _efixed = .
                0x000000000008597c                PROVIDE (__exidx_start, .)

.vfp11_veneer   0x000000000008597c        0x0
 .vfp11_veneer  0x0000000000000000        0x0 linker stubs

.v4_bx          0x000000000008597c        0x0
 .v4_bx         0x0000000000000000        0x0 linker stubs

.iplt           0x000000000008597c        0x0
 .iplt          0x0000000000000000        0x0 /opt/sloeber-V4.1/sloeber/arduinoPlugin/packages/arduino/tools/arm-none-eabi-gcc/4.8.3-2014q1/bin/../lib/gcc/arm-none-eabi/4.8.3/armv7-m/crtbegin.o

.ARM.exidx      0x000000000008597c        0x8
 *(.ARM.exidx* .gnu.linkonce.armexidx.*)
 .ARM.exidx     0x000000000008597c        0x8 /opt/sloeber-V4.1/sloeber/arduinoPlugin/packages/arduino/tools/arm-none-eabi-gcc/4.8.3-2014q1/bin/../lib/gcc/arm-none-eabi/4.8.3/armv7-m/libgcc.a(_divdi3.o)
 .ARM.exidx     0x0000000000085984        0x0 /opt/sloeber-V4.1/sloeber/arduinoPlugin/packages/arduino/tools/arm-none-eabi-gcc/4.8.3-2014q1/bin/../lib/gcc/arm-none-eabi/4.8.3/armv7-m/libgcc.a(_udivdi3.o)
                                          0x8 (size before relaxing)
                0x0000000000085984                PROVIDE (__exidx_end, .)

.eh_frame       0x0000000000085984        0x0
 .eh_frame      0x0000000000085984        0x0 /opt/sloeber-V4.1/sloeber/arduinoPlugin/packages/arduino/tools/arm-none-eabi-gcc/4.8.3-2014q1/bin/../lib/gcc/arm-none-eabi/4.8.3/armv7-m/crtbegin.o

.rel.dyn        0x0000000000085984        0x0
 .rel.iplt      0x0000000000000000        0x0 /opt/sloeber-V4.1/sloeber/arduinoPlugin/packages/arduino/tools/arm-none-eabi-gcc/4.8.3-2014q1/bin/../lib/gcc/arm-none-eabi/4.8.3/armv7-m/crtbegin.o

.jcr            0x0000000000085984        0x0
 .jcr           0x0000000000085984        0x0 /opt/sloeber-V4.1/sloeber/arduinoPlugin/packages/arduino/tools/arm-none-eabi-gcc/4.8.3-2014q1/bin/../lib/gcc/arm-none-eabi/4.8.3/armv7-m/crtbegin.o

.igot.plt       0x0000000000085984        0x0
 .igot.plt      0x0000000000000000        0x0 /opt/sloeber-V4.1/sloeber/arduinoPlugin/packages/arduino/tools/arm-none-eabi-gcc/4.8.3-2014q1/bin/../lib/gcc/arm-none-eabi/4.8.3/armv7-m/crtbegin.o
                0x0000000000085984                . = ALIGN (0x4)
                0x0000000000085984                _etext = .

.relocate       0x0000000020070000      0x8d4 load address 0x0000000000085984
                0x0000000020070000                . = ALIGN (0x4)
                0x0000000020070000                _srelocate = .
 *(.ramfunc .ramfunc.*)
 .ramfunc       0x0000000020070000       0x2c /home/rber/projects/various/FreeRTOS-Arduino/sloeber-workspace/Example0052/Release/arduino.ar(Reset.cpp.o)
                0x0000000020070000                banzai
 *(.data .data.*)
 .data.EndPoints
                0x000000002007002c       0x28 /home/rber/projects/various/FreeRTOS-Arduino/sloeber-workspace/Example0052/Release/arduino.ar(USBCore.cpp.o)
                0x000000002007002c                EndPoints
 .data._ZL10breakValue
                0x0000000020070054        0x4 /home/rber/projects/various/FreeRTOS-Arduino/sloeber-workspace/Example0052/Release/arduino.ar(CDC.cpp.o)
 .data._ZL12_usbLineInfo
                0x0000000020070058        0x8 /home/rber/projects/various/FreeRTOS-Arduino/sloeber-workspace/Example0052/Release/arduino.ar(CDC.cpp.o)
 .data._ZL5ticks
                0x0000000020070060        0x4 /home/rber/projects/various/FreeRTOS-Arduino/sloeber-workspace/Example0052/Release/arduino.ar(Reset.cpp.o)
 .data.SystemCoreClock
                0x0000000020070064        0x4 /opt/sloeber-V4.1/sloeber//arduinoPlugin/packages/arduino/hardware/sam/1.6.11/variants/arduino_due_x/libsam_sam3x8e_gcc_rel.a(system_sam3xa.o)
                0x0000000020070064                SystemCoreClock
 .data.g_interrupt_enabled
                0x0000000020070068        0x4 /opt/sloeber-V4.1/sloeber//arduinoPlugin/packages/arduino/hardware/sam/1.6.11/variants/arduino_due_x/libsam_sam3x8e_gcc_rel.a(interrupt_sam_nvic.o)
                0x0000000020070068                g_interrupt_enabled
 *fill*         0x000000002007006c        0x4 
 .data.impure_data
                0x0000000020070070      0x428 /opt/sloeber-V4.1/sloeber/arduinoPlugin/packages/arduino/tools/arm-none-eabi-gcc/4.8.3-2014q1/bin/../lib/gcc/arm-none-eabi/4.8.3/../../../../arm-none-eabi/lib/armv7-m/libg.a(lib_a-impure.o)
 .data._impure_ptr
                0x0000000020070498        0x4 /opt/sloeber-V4.1/sloeber/arduinoPlugin/packages/arduino/tools/arm-none-eabi-gcc/4.8.3-2014q1/bin/../lib/gcc/arm-none-eabi/4.8.3/../../../../arm-none-eabi/lib/armv7-m/libg.a(lib_a-impure.o)
                0x0000000020070498                _impure_ptr
 .data.__malloc_av_
                0x000000002007049c      0x408 /opt/sloeber-V4.1/sloeber/arduinoPlugin/packages/arduino/tools/arm-none-eabi-gcc/4.8.3-2014q1/bin/../lib/gcc/arm-none-eabi/4.8.3/../../../../arm-none-eabi/lib/armv7-m/libg.a(lib_a-mallocr.o)
                0x000000002007049c                __malloc_av_
 .data.__malloc_trim_threshold
                0x00000000200708a4        0x4 /opt/sloeber-V4.1/sloeber/arduinoPlugin/packages/arduino/tools/arm-none-eabi-gcc/4.8.3-2014q1/bin/../lib/gcc/arm-none-eabi/4.8.3/../../../../arm-none-eabi/lib/armv7-m/libg.a(lib_a-mallocr.o)
                0x00000000200708a4                __malloc_trim_threshold
 .data.__malloc_sbrk_base
                0x00000000200708a8        0x4 /opt/sloeber-V4.1/sloeber/arduinoPlugin/packages/arduino/tools/arm-none-eabi-gcc/4.8.3-2014q1/bin/../lib/gcc/arm-none-eabi/4.8.3/../../../../arm-none-eabi/lib/armv7-m/libg.a(lib_a-mallocr.o)
                0x00000000200708a8                __malloc_sbrk_base
 .data.lc_ctype_charset
                0x00000000200708ac       0x20 /opt/sloeber-V4.1/sloeber/arduinoPlugin/packages/arduino/tools/arm-none-eabi-gcc/4.8.3-2014q1/bin/../lib/gcc/arm-none-eabi/4.8.3/../../../../arm-none-eabi/lib/armv7-m/libg.a(lib_a-locale.o)
 .data.__mb_cur_max
                0x00000000200708cc        0x4 /opt/sloeber-V4.1/sloeber/arduinoPlugin/packages/arduino/tools/arm-none-eabi-gcc/4.8.3-2014q1/bin/../lib/gcc/arm-none-eabi/4.8.3/../../../../arm-none-eabi/lib/armv7-m/libg.a(lib_a-locale.o)
                0x00000000200708cc                __mb_cur_max
 .data.__wctomb
                0x00000000200708d0        0x4 /opt/sloeber-V4.1/sloeber/arduinoPlugin/packages/arduino/tools/arm-none-eabi-gcc/4.8.3-2014q1/bin/../lib/gcc/arm-none-eabi/4.8.3/../../../../arm-none-eabi/lib/armv7-m/libg.a(lib_a-wctomb_r.o)
                0x00000000200708d0                __wctomb
                0x00000000200708d4                . = ALIGN (0x4)
                0x00000000200708d4                _erelocate = .

.bss            0x00000000200708d4      0xab8 load address 0x0000000000086258
                0x00000000200708d4                . = ALIGN (0x4)
                0x00000000200708d4                _sbss = .
                0x00000000200708d4                _szero = .
 *(.bss .bss.*)
 .bss           0x00000000200708d4       0x1c /opt/sloeber-V4.1/sloeber/arduinoPlugin/packages/arduino/tools/arm-none-eabi-gcc/4.8.3-2014q1/bin/../lib/gcc/arm-none-eabi/4.8.3/armv7-m/crtbegin.o
 .bss.sysTickEnabled
                0x00000000200708f0        0x4 ./FreeRTOS_ARM/src/utility/port.c.o
                0x00000000200708f0                sysTickEnabled
 .bss.xNumOfOverflows
                0x00000000200708f4        0x4 ./FreeRTOS_ARM/src/utility/tasks.c.o
 .bss.pxDelayedTaskList
                0x00000000200708f8        0x4 ./FreeRTOS_ARM/src/utility/tasks.c.o
 .bss.uxPendedTicks
                0x00000000200708fc        0x4 ./FreeRTOS_ARM/src/utility/tasks.c.o
 .bss.pxReadyTasksLists
                0x0000000020070900       0x64 ./FreeRTOS_ARM/src/utility/tasks.c.o
 .bss.pxCurrentTCB
                0x0000000020070964        0x4 ./FreeRTOS_ARM/src/utility/tasks.c.o
                0x0000000020070964                pxCurrentTCB
 .bss.xNextTaskUnblockTime
                0x0000000020070968        0x4 ./FreeRTOS_ARM/src/utility/tasks.c.o
 .bss.uxSchedulerSuspended
                0x000000002007096c        0x4 ./FreeRTOS_ARM/src/utility/tasks.c.o
 .bss.xTickCount
                0x0000000020070970        0x4 ./FreeRTOS_ARM/src/utility/tasks.c.o
 .bss.pxOverflowDelayedTaskList
                0x0000000020070974        0x4 ./FreeRTOS_ARM/src/utility/tasks.c.o
 .bss.uxTopReadyPriority
                0x0000000020070978        0x4 ./FreeRTOS_ARM/src/utility/tasks.c.o
 .bss.xYieldPending
                0x000000002007097c        0x4 ./FreeRTOS_ARM/src/utility/tasks.c.o
 .bss.tx_buffer2
                0x0000000020070980       0x88 /home/rber/projects/various/FreeRTOS-Arduino/sloeber-workspace/Example0052/Release/arduino.ar(variant.cpp.o)
                0x0000000020070980                tx_buffer2
 .bss.tx_buffer1
                0x0000000020070a08       0x88 /home/rber/projects/various/FreeRTOS-Arduino/sloeber-workspace/Example0052/Release/arduino.ar(variant.cpp.o)
                0x0000000020070a08                tx_buffer1
 .bss.Serial    0x0000000020070a90       0x24 /home/rber/projects/various/FreeRTOS-Arduino/sloeber-workspace/Example0052/Release/arduino.ar(variant.cpp.o)
                0x0000000020070a90                Serial
 .bss.rx_buffer1
                0x0000000020070ab4       0x88 /home/rber/projects/various/FreeRTOS-Arduino/sloeber-workspace/Example0052/Release/arduino.ar(variant.cpp.o)
                0x0000000020070ab4                rx_buffer1
 .bss.Serial1   0x0000000020070b3c       0x28 /home/rber/projects/various/FreeRTOS-Arduino/sloeber-workspace/Example0052/Release/arduino.ar(variant.cpp.o)
                0x0000000020070b3c                Serial1
 .bss.Serial2   0x0000000020070b64       0x28 /home/rber/projects/various/FreeRTOS-Arduino/sloeber-workspace/Example0052/Release/arduino.ar(variant.cpp.o)
                0x0000000020070b64                Serial2
 .bss.Serial3   0x0000000020070b8c       0x28 /home/rber/projects/various/FreeRTOS-Arduino/sloeber-workspace/Example0052/Release/arduino.ar(variant.cpp.o)
                0x0000000020070b8c                Serial3
 .bss.tx_buffer3
                0x0000000020070bb4       0x88 /home/rber/projects/various/FreeRTOS-Arduino/sloeber-workspace/Example0052/Release/arduino.ar(variant.cpp.o)
                0x0000000020070bb4                tx_buffer3
 .bss.tx_buffer4
                0x0000000020070c3c       0x88 /home/rber/projects/various/FreeRTOS-Arduino/sloeber-workspace/Example0052/Release/arduino.ar(variant.cpp.o)
                0x0000000020070c3c                tx_buffer4
 .bss.g_pinStatus
                0x0000000020070cc4       0x4f /home/rber/projects/various/FreeRTOS-Arduino/sloeber-workspace/Example0052/Release/arduino.ar(variant.cpp.o)
                0x0000000020070cc4                g_pinStatus
 *fill*         0x0000000020070d13        0x1 
 .bss.rx_buffer2
                0x0000000020070d14       0x88 /home/rber/projects/various/FreeRTOS-Arduino/sloeber-workspace/Example0052/Release/arduino.ar(variant.cpp.o)
                0x0000000020070d14                rx_buffer2
 .bss.rx_buffer3
                0x0000000020070d9c       0x88 /home/rber/projects/various/FreeRTOS-Arduino/sloeber-workspace/Example0052/Release/arduino.ar(variant.cpp.o)
                0x0000000020070d9c                rx_buffer3
 .bss.rx_buffer4
                0x0000000020070e24       0x88 /home/rber/projects/various/FreeRTOS-Arduino/sloeber-workspace/Example0052/Release/arduino.ar(variant.cpp.o)
                0x0000000020070e24                rx_buffer4
 .bss.heap.6420
                0x0000000020070eac        0x4 /home/rber/projects/various/FreeRTOS-Arduino/sloeber-workspace/Example0052/Release/arduino.ar(syscalls_sam3.c.o)
 .bss._cmark    0x0000000020070eb0        0x2 /home/rber/projects/various/FreeRTOS-Arduino/sloeber-workspace/Example0052/Release/arduino.ar(USBCore.cpp.o)
                0x0000000020070eb0                _cmark
 .bss._ZL14isEndpointHalt
                0x0000000020070eb2        0x1 /home/rber/projects/various/FreeRTOS-Arduino/sloeber-workspace/Example0052/Release/arduino.ar(USBCore.cpp.o)
 *fill*         0x0000000020070eb3        0x1 
 .bss._cdcComposite
                0x0000000020070eb4        0x4 /home/rber/projects/various/FreeRTOS-Arduino/sloeber-workspace/Example0052/Release/arduino.ar(USBCore.cpp.o)
                0x0000000020070eb4                _cdcComposite
 .bss._ZL21isRemoteWakeUpEnabled
                0x0000000020070eb8        0x1 /home/rber/projects/various/FreeRTOS-Arduino/sloeber-workspace/Example0052/Release/arduino.ar(USBCore.cpp.o)
 *fill*         0x0000000020070eb9        0x3 
 .bss._usbInitialized
                0x0000000020070ebc        0x4 /home/rber/projects/various/FreeRTOS-Arduino/sloeber-workspace/Example0052/Release/arduino.ar(USBCore.cpp.o)
                0x0000000020070ebc                _usbInitialized
 .bss.USBDevice
                0x0000000020070ec0        0x1 /home/rber/projects/various/FreeRTOS-Arduino/sloeber-workspace/Example0052/Release/arduino.ar(USBCore.cpp.o)
                0x0000000020070ec0                USBDevice
 *fill*         0x0000000020070ec1        0x3 
 .bss._usbSetInterface
                0x0000000020070ec4        0x4 /home/rber/projects/various/FreeRTOS-Arduino/sloeber-workspace/Example0052/Release/arduino.ar(USBCore.cpp.o)
                0x0000000020070ec4                _usbSetInterface
 .bss._cend     0x0000000020070ec8        0x2 /home/rber/projects/various/FreeRTOS-Arduino/sloeber-workspace/Example0052/Release/arduino.ar(USBCore.cpp.o)
                0x0000000020070ec8                _cend
 *fill*         0x0000000020070eca        0x2 
 .bss._usbConfiguration
                0x0000000020070ecc        0x4 /home/rber/projects/various/FreeRTOS-Arduino/sloeber-workspace/Example0052/Release/arduino.ar(USBCore.cpp.o)
                0x0000000020070ecc                _usbConfiguration
 .bss.cdc_rx_buffer
                0x0000000020070ed0      0x208 /home/rber/projects/various/FreeRTOS-Arduino/sloeber-workspace/Example0052/Release/arduino.ar(CDC.cpp.o)
                0x0000000020070ed0                cdc_rx_buffer
 .bss._ZZN7Serial_6acceptEvE5guard
                0x00000000200710d8        0x4 /home/rber/projects/various/FreeRTOS-Arduino/sloeber-workspace/Example0052/Release/arduino.ar(CDC.cpp.o)
 .bss.SerialUSB
                0x00000000200710dc       0x14 /home/rber/projects/various/FreeRTOS-Arduino/sloeber-workspace/Example0052/Release/arduino.ar(CDC.cpp.o)
                0x00000000200710dc                SerialUSB
 .bss._ZZ12PluggableUSBvE3obj
                0x00000000200710f0        0x8 /home/rber/projects/various/FreeRTOS-Arduino/sloeber-workspace/Example0052/Release/arduino.ar(PluggableUSB.cpp.o)
 .bss._ZGVZ12PluggableUSBvE3obj
                0x00000000200710f8        0x4 /home/rber/projects/various/FreeRTOS-Arduino/sloeber-workspace/Example0052/Release/arduino.ar(PluggableUSB.cpp.o)
 .bss._dwTickCount
                0x00000000200710fc        0x4 /opt/sloeber-V4.1/sloeber//arduinoPlugin/packages/arduino/hardware/sam/1.6.11/variants/arduino_due_x/libsam_sam3x8e_gcc_rel.a(timetick.o)
 .bss.gpf_isr   0x0000000020071100        0x4 /opt/sloeber-V4.1/sloeber//arduinoPlugin/packages/arduino/hardware/sam/1.6.11/variants/arduino_due_x/libsam_sam3x8e_gcc_rel.a(uotghs.o)
                0x0000000020071100                gpf_isr
 .bss.ul_recv_fifo_ptr
                0x0000000020071104       0x28 /opt/sloeber-V4.1/sloeber//arduinoPlugin/packages/arduino/hardware/sam/1.6.11/variants/arduino_due_x/libsam_sam3x8e_gcc_rel.a(uotghs_device.o)
 .bss.ul_send_fifo_ptr
                0x000000002007112c       0x28 /opt/sloeber-V4.1/sloeber//arduinoPlugin/packages/arduino/hardware/sam/1.6.11/variants/arduino_due_x/libsam_sam3x8e_gcc_rel.a(uotghs_device.o)
 .bss.callbacksPioA
                0x0000000020071154       0x80 /home/rber/projects/various/FreeRTOS-Arduino/sloeber-workspace/Example0052/Release/arduino.ar(WInterrupts.c.o)
 .bss.callbacksPioB
                0x00000000200711d4       0x80 /home/rber/projects/various/FreeRTOS-Arduino/sloeber-workspace/Example0052/Release/arduino.ar(WInterrupts.c.o)
 .bss.callbacksPioC
                0x0000000020071254       0x80 /home/rber/projects/various/FreeRTOS-Arduino/sloeber-workspace/Example0052/Release/arduino.ar(WInterrupts.c.o)
 .bss.callbacksPioD
                0x00000000200712d4       0x80 /home/rber/projects/various/FreeRTOS-Arduino/sloeber-workspace/Example0052/Release/arduino.ar(WInterrupts.c.o)
 .bss.__malloc_max_total_mem
                0x0000000020071354        0x4 /opt/sloeber-V4.1/sloeber/arduinoPlugin/packages/arduino/tools/arm-none-eabi-gcc/4.8.3-2014q1/bin/../lib/gcc/arm-none-eabi/4.8.3/../../../../arm-none-eabi/lib/armv7-m/libg.a(lib_a-mallocr.o)
                0x0000000020071354                __malloc_max_total_mem
 .bss.__malloc_max_sbrked_mem
                0x0000000020071358        0x4 /opt/sloeber-V4.1/sloeber/arduinoPlugin/packages/arduino/tools/arm-none-eabi-gcc/4.8.3-2014q1/bin/../lib/gcc/arm-none-eabi/4.8.3/../../../../arm-none-eabi/lib/armv7-m/libg.a(lib_a-mallocr.o)
                0x0000000020071358                __malloc_max_sbrked_mem
 .bss.__malloc_top_pad
                0x000000002007135c        0x4 /opt/sloeber-V4.1/sloeber/arduinoPlugin/packages/arduino/tools/arm-none-eabi-gcc/4.8.3-2014q1/bin/../lib/gcc/arm-none-eabi/4.8.3/../../../../arm-none-eabi/lib/armv7-m/libg.a(lib_a-mallocr.o)
                0x000000002007135c                __malloc_top_pad
 .bss.__malloc_current_mallinfo
                0x0000000020071360       0x28 /opt/sloeber-V4.1/sloeber/arduinoPlugin/packages/arduino/tools/arm-none-eabi-gcc/4.8.3-2014q1/bin/../lib/gcc/arm-none-eabi/4.8.3/../../../../arm-none-eabi/lib/armv7-m/libg.a(lib_a-mallocr.o)
                0x0000000020071360                __malloc_current_mallinfo
 *(COMMON)
 COMMON         0x0000000020071388        0x4 /opt/sloeber-V4.1/sloeber/arduinoPlugin/packages/arduino/tools/arm-none-eabi-gcc/4.8.3-2014q1/bin/../lib/gcc/arm-none-eabi/4.8.3/../../../../arm-none-eabi/lib/armv7-m/libg.a(lib_a-reent.o)
                0x0000000020071388                errno
                0x000000002007138c                . = ALIGN (0x4)
                0x000000002007138c                _ebss = .
                0x000000002007138c                _ezero = .
                0x000000002007138c                . = ALIGN (0x4)
                0x000000002007138c                _end = .

.stack_dummy    0x000000002007138c        0x0
 *(.stack*)
                0x0000000020088000                __StackTop = (ORIGIN (ram) + 0x18000)
                0x0000000020088000                __StackLimit = (__StackTop - SIZEOF (.stack_dummy))
                0x0000000020088000                PROVIDE (_sstack, __StackLimit)
                0x0000000020088000                PROVIDE (_estack, __StackTop)
OUTPUT(/home/rber/projects/various/FreeRTOS-Arduino/sloeber-workspace/Example0052/Release/Example0052.elf elf32-littlearm)

.ARM.attributes
                0x0000000000000000       0x29
 .ARM.attributes
                0x0000000000000000       0x1d /opt/sloeber-V4.1/sloeber/arduinoPlugin/packages/arduino/tools/arm-none-eabi-gcc/4.8.3-2014q1/bin/../lib/gcc/arm-none-eabi/4.8.3/armv7-m/crti.o
 .ARM.attributes
                0x000000000000001d       0x2d /opt/sloeber-V4.1/sloeber/arduinoPlugin/packages/arduino/tools/arm-none-eabi-gcc/4.8.3-2014q1/bin/../lib/gcc/arm-none-eabi/4.8.3/armv7-m/crtbegin.o
 .ARM.attributes
                0x000000000000004a       0x33 ./FreeRTOS_ARM/src/utility/list.c.o
 .ARM.attributes
                0x000000000000007d       0x33 ./FreeRTOS_ARM/src/utility/port.c.o
 .ARM.attributes
                0x00000000000000b0       0x33 ./FreeRTOS_ARM/src/utility/tasks.c.o
 .ARM.attributes
                0x00000000000000e3       0x33 ./FreeRTOS_ARM/src/FreeRTOS_ARM.c.o
 .ARM.attributes
                0x0000000000000116       0x33 /home/rber/projects/various/FreeRTOS-Arduino/sloeber-workspace/Example0052/Release/arduino.ar(variant.cpp.o)
 .ARM.attributes
                0x0000000000000149       0x33 /home/rber/projects/various/FreeRTOS-Arduino/sloeber-workspace/Example0052/Release/arduino.ar(Print.cpp.o)
 .ARM.attributes
                0x000000000000017c       0x33 /home/rber/projects/various/FreeRTOS-Arduino/sloeber-workspace/Example0052/Release/arduino.ar(RingBuffer.cpp.o)
 .ARM.attributes
                0x00000000000001af       0x33 /home/rber/projects/various/FreeRTOS-Arduino/sloeber-workspace/Example0052/Release/arduino.ar(UARTClass.cpp.o)
 .ARM.attributes
                0x00000000000001e2       0x33 /home/rber/projects/various/FreeRTOS-Arduino/sloeber-workspace/Example0052/Release/arduino.ar(USARTClass.cpp.o)
 .ARM.attributes
                0x0000000000000215       0x33 /home/rber/projects/various/FreeRTOS-Arduino/sloeber-workspace/Example0052/Release/arduino.ar(main.cpp.o)
 .ARM.attributes
                0x0000000000000248       0x33 /home/rber/projects/various/FreeRTOS-Arduino/sloeber-workspace/Example0052/Release/arduino.ar(syscalls_sam3.c.o)
 .ARM.attributes
                0x000000000000027b       0x33 /home/rber/projects/various/FreeRTOS-Arduino/sloeber-workspace/Example0052/Release/arduino.ar(watchdog.cpp.o)
 .ARM.attributes
                0x00000000000002ae       0x33 /home/rber/projects/various/FreeRTOS-Arduino/sloeber-workspace/Example0052/Release/arduino.ar(wiring.c.o)
 .ARM.attributes
                0x00000000000002e1       0x33 /home/rber/projects/various/FreeRTOS-Arduino/sloeber-workspace/Example0052/Release/arduino.ar(wiring_analog.c.o)
 .ARM.attributes
                0x0000000000000314       0x33 /home/rber/projects/various/FreeRTOS-Arduino/sloeber-workspace/Example0052/Release/arduino.ar(wiring_digital.c.o)
 .ARM.attributes
                0x0000000000000347       0x33 /home/rber/projects/various/FreeRTOS-Arduino/sloeber-workspace/Example0052/Release/arduino.ar(USBCore.cpp.o)
 .ARM.attributes
                0x000000000000037a       0x33 /home/rber/projects/various/FreeRTOS-Arduino/sloeber-workspace/Example0052/Release/arduino.ar(hooks.c.o)
 .ARM.attributes
                0x00000000000003ad       0x33 /home/rber/projects/various/FreeRTOS-Arduino/sloeber-workspace/Example0052/Release/arduino.ar(CDC.cpp.o)
 .ARM.attributes
                0x00000000000003e0       0x33 /home/rber/projects/various/FreeRTOS-Arduino/sloeber-workspace/Example0052/Release/arduino.ar(PluggableUSB.cpp.o)
 .ARM.attributes
                0x0000000000000413       0x33 /home/rber/projects/various/FreeRTOS-Arduino/sloeber-workspace/Example0052/Release/arduino.ar(Reset.cpp.o)
 .ARM.attributes
                0x0000000000000446       0x33 /opt/sloeber-V4.1/sloeber//arduinoPlugin/packages/arduino/hardware/sam/1.6.11/variants/arduino_due_x/libsam_sam3x8e_gcc_rel.a(pio.o)
 .ARM.attributes
                0x0000000000000479       0x33 /opt/sloeber-V4.1/sloeber//arduinoPlugin/packages/arduino/hardware/sam/1.6.11/variants/arduino_due_x/libsam_sam3x8e_gcc_rel.a(pmc.o)
 .ARM.attributes
                0x00000000000004ac       0x33 /opt/sloeber-V4.1/sloeber//arduinoPlugin/packages/arduino/hardware/sam/1.6.11/variants/arduino_due_x/libsam_sam3x8e_gcc_rel.a(timetick.o)
 .ARM.attributes
                0x00000000000004df       0x33 /opt/sloeber-V4.1/sloeber//arduinoPlugin/packages/arduino/hardware/sam/1.6.11/variants/arduino_due_x/libsam_sam3x8e_gcc_rel.a(wdt.o)
 .ARM.attributes
                0x0000000000000512       0x33 /opt/sloeber-V4.1/sloeber//arduinoPlugin/packages/arduino/hardware/sam/1.6.11/variants/arduino_due_x/libsam_sam3x8e_gcc_rel.a(system_sam3xa.o)
 .ARM.attributes
                0x0000000000000545       0x33 /opt/sloeber-V4.1/sloeber//arduinoPlugin/packages/arduino/hardware/sam/1.6.11/variants/arduino_due_x/libsam_sam3x8e_gcc_rel.a(startup_sam3xa.o)
 .ARM.attributes
                0x0000000000000578       0x33 /opt/sloeber-V4.1/sloeber//arduinoPlugin/packages/arduino/hardware/sam/1.6.11/variants/arduino_due_x/libsam_sam3x8e_gcc_rel.a(adc.o)
 .ARM.attributes
                0x00000000000005ab       0x33 /opt/sloeber-V4.1/sloeber//arduinoPlugin/packages/arduino/hardware/sam/1.6.11/variants/arduino_due_x/libsam_sam3x8e_gcc_rel.a(uotghs.o)
 .ARM.attributes
                0x00000000000005de       0x33 /opt/sloeber-V4.1/sloeber//arduinoPlugin/packages/arduino/hardware/sam/1.6.11/variants/arduino_due_x/libsam_sam3x8e_gcc_rel.a(interrupt_sam_nvic.o)
 .ARM.attributes
                0x0000000000000611       0x33 /opt/sloeber-V4.1/sloeber//arduinoPlugin/packages/arduino/hardware/sam/1.6.11/variants/arduino_due_x/libsam_sam3x8e_gcc_rel.a(uotghs_device.o)
 .ARM.attributes
                0x0000000000000644       0x33 /home/rber/projects/various/FreeRTOS-Arduino/sloeber-workspace/Example0052/Release/arduino.ar(WInterrupts.c.o)
 .ARM.attributes
                0x0000000000000677       0x33 /home/rber/projects/various/FreeRTOS-Arduino/sloeber-workspace/Example0052/Release/arduino.ar(cortex_handlers.c.o)
 .ARM.attributes
                0x00000000000006aa       0x2d /opt/sloeber-V4.1/sloeber/arduinoPlugin/packages/arduino/tools/arm-none-eabi-gcc/4.8.3-2014q1/bin/../lib/gcc/arm-none-eabi/4.8.3/../../../../arm-none-eabi/lib/armv7-m/libg.a(lib_a-impure.o)
 .ARM.attributes
                0x00000000000006d7       0x2d /opt/sloeber-V4.1/sloeber/arduinoPlugin/packages/arduino/tools/arm-none-eabi-gcc/4.8.3-2014q1/bin/../lib/gcc/arm-none-eabi/4.8.3/../../../../arm-none-eabi/lib/armv7-m/libg.a(lib_a-init.o)
 .ARM.attributes